Component: ARM Compiler 5.06 update 7 (build 960) Tool: armlink [4d3601]

==============================================================================

Section Cross References

    startup_stm32h750xx.o(RESET) refers to startup_stm32h750xx.o(STACK) for __initial_sp
    startup_stm32h750xx.o(RESET) refers to startup_stm32h750xx.o(.text) for Reset_Handler
    startup_stm32h750xx.o(RESET) refers to stm32h7xx_it.o(i.NMI_Handler) for NMI_Handler
    startup_stm32h750xx.o(RESET) refers to stm32h7xx_it.o(i.HardFault_Handler) for HardFault_Handler
    startup_stm32h750xx.o(RESET) refers to stm32h7xx_it.o(i.MemManage_Handler) for MemManage_Handler
    startup_stm32h750xx.o(RESET) refers to stm32h7xx_it.o(i.BusFault_Handler) for BusFault_Handler
    startup_stm32h750xx.o(RESET) refers to stm32h7xx_it.o(i.UsageFault_Handler) for UsageFault_Handler
    startup_stm32h750xx.o(RESET) refers to stm32h7xx_it.o(i.SVC_Handler) for SVC_Handler
    startup_stm32h750xx.o(RESET) refers to stm32h7xx_it.o(i.DebugMon_Handler) for DebugMon_Handler
    startup_stm32h750xx.o(RESET) refers to stm32h7xx_it.o(i.PendSV_Handler) for PendSV_Handler
    startup_stm32h750xx.o(RESET) refers to stm32h7xx_it.o(i.SysTick_Handler) for SysTick_Handler
    startup_stm32h750xx.o(RESET) refers to stm32h7xx_it.o(i.DMA1_Stream0_IRQHandler) for DMA1_Stream0_IRQHandler
    startup_stm32h750xx.o(RESET) refers to stm32h7xx_it.o(i.DMA1_Stream2_IRQHandler) for DMA1_Stream2_IRQHandler
    startup_stm32h750xx.o(RESET) refers to stm32h7xx_it.o(i.DMA1_Stream3_IRQHandler) for DMA1_Stream3_IRQHandler
    startup_stm32h750xx.o(RESET) refers to stm32h7xx_it.o(i.DMA1_Stream4_IRQHandler) for DMA1_Stream4_IRQHandler
    startup_stm32h750xx.o(RESET) refers to stm32h7xx_it.o(i.DMA1_Stream5_IRQHandler) for DMA1_Stream5_IRQHandler
    startup_stm32h750xx.o(RESET) refers to stm32h7xx_it.o(i.DMA1_Stream6_IRQHandler) for DMA1_Stream6_IRQHandler
    startup_stm32h750xx.o(RESET) refers to stm32h7xx_it.o(i.FDCAN1_IT0_IRQHandler) for FDCAN1_IT0_IRQHandler
    startup_stm32h750xx.o(RESET) refers to stm32h7xx_it.o(i.FDCAN2_IT0_IRQHandler) for FDCAN2_IT0_IRQHandler
    startup_stm32h750xx.o(RESET) refers to stm32h7xx_it.o(i.USART1_IRQHandler) for USART1_IRQHandler
    startup_stm32h750xx.o(RESET) refers to stm32h7xx_it.o(i.USART2_IRQHandler) for USART2_IRQHandler
    startup_stm32h750xx.o(RESET) refers to stm32h7xx_it.o(i.USART3_IRQHandler) for USART3_IRQHandler
    startup_stm32h750xx.o(RESET) refers to stm32h7xx_it.o(i.TIM8_TRG_COM_TIM14_IRQHandler) for TIM8_TRG_COM_TIM14_IRQHandler
    startup_stm32h750xx.o(RESET) refers to stm32h7xx_it.o(i.DMA1_Stream7_IRQHandler) for DMA1_Stream7_IRQHandler
    startup_stm32h750xx.o(RESET) refers to stm32h7xx_it.o(i.UART4_IRQHandler) for UART4_IRQHandler
    startup_stm32h750xx.o(RESET) refers to stm32h7xx_it.o(i.UART5_IRQHandler) for UART5_IRQHandler
    startup_stm32h750xx.o(RESET) refers to stm32h7xx_it.o(i.DMA2_Stream0_IRQHandler) for DMA2_Stream0_IRQHandler
    startup_stm32h750xx.o(RESET) refers to stm32h7xx_it.o(i.DMA2_Stream1_IRQHandler) for DMA2_Stream1_IRQHandler
    startup_stm32h750xx.o(RESET) refers to stm32h7xx_it.o(i.DMA2_Stream3_IRQHandler) for DMA2_Stream3_IRQHandler
    startup_stm32h750xx.o(RESET) refers to stm32h7xx_it.o(i.DMA2_Stream4_IRQHandler) for DMA2_Stream4_IRQHandler
    startup_stm32h750xx.o(RESET) refers to stm32h7xx_it.o(i.USART6_IRQHandler) for USART6_IRQHandler
    startup_stm32h750xx.o(.text) refers to system_stm32h7xx.o(i.SystemInit) for SystemInit
    startup_stm32h750xx.o(.text) refers to entry.o(.ARM.Collect$$$$00000000) for __main
    main.o(i.SystemClock_Config) refers to memseta.o(.text) for __aeabi_memclr4
    main.o(i.SystemClock_Config) refers to stm32h7xx_hal_pwr_ex.o(i.HAL_PWREx_ConfigSupply) for HAL_PWREx_ConfigSupply
    main.o(i.SystemClock_Config) refers to stm32h7xx_hal_rcc.o(i.HAL_RCC_OscConfig) for HAL_RCC_OscConfig
    main.o(i.SystemClock_Config) refers to stm32h7xx_hal_rcc.o(i.HAL_RCC_ClockConfig) for HAL_RCC_ClockConfig
    main.o(i.main) refers to stm32h7xx_hal.o(i.HAL_Init) for HAL_Init
    main.o(i.main) refers to main.o(i.SystemClock_Config) for SystemClock_Config
    main.o(i.main) refers to gpio.o(i.MX_GPIO_Init) for MX_GPIO_Init
    main.o(i.main) refers to dma.o(i.MX_DMA_Init) for MX_DMA_Init
    main.o(i.main) refers to usart.o(i.MX_USART1_UART_Init) for MX_USART1_UART_Init
    main.o(i.main) refers to fdcan.o(i.MX_FDCAN1_Init) for MX_FDCAN1_Init
    main.o(i.main) refers to fdcan.o(i.MX_FDCAN2_Init) for MX_FDCAN2_Init
    main.o(i.main) refers to spi.o(i.MX_SPI1_Init) for MX_SPI1_Init
    main.o(i.main) refers to tim.o(i.MX_TIM4_Init) for MX_TIM4_Init
    main.o(i.main) refers to tim.o(i.MX_TIM14_Init) for MX_TIM14_Init
    main.o(i.main) refers to usart.o(i.MX_USART6_UART_Init) for MX_USART6_UART_Init
    main.o(i.main) refers to usart.o(i.MX_USART2_UART_Init) for MX_USART2_UART_Init
    main.o(i.main) refers to usart.o(i.MX_USART3_UART_Init) for MX_USART3_UART_Init
[...]
    KeyBoard_DataUnpack                      0x08009d15   Thumb Code  1334  dr16.o(i.KeyBoard_DataUnpack)
    LPFilter                                 0x0800a251   Thumb Code    38  filter.o(i.LPFilter)
    LoadInit                                 0x0800a279   Thumb Code   240  load.o(i.LoadInit)
    Load_Motor_Control                       0x0800a371   Thumb Code   176  load.o(i.Load_Motor_Control)
    Load_Shoot_control                       0x0800a435   Thumb Code   364  load.o(i.Load_Shoot_control)
    MPU6050_Init2                            0x0800a5b5   Thumb Code   176  mpu6050.o(i.MPU6050_Init2)
    MPU6050_PowerOn                          0x0800a669   Thumb Code    10  mpu6050.o(i.MPU6050_PowerOn)
    MPU6050_RawDataUpdate                    0x0800a679   Thumb Code   152  mpu6050.o(i.MPU6050_RawDataUpdate)
    MPU6050_ReadData                         0x0800a711   Thumb Code    16  mpu6050.o(i.MPU6050_ReadData)
    MPU6050_ReadData2                        0x0800a721   Thumb Code    16  mpu6050.o(i.MPU6050_ReadData2)
    MPU6050_WriteByte2                       0x0800a731   Thumb Code    18  mpu6050.o(i.MPU6050_WriteByte2)
    MPU_Get_Data                             0x0800a745   Thumb Code    68  gyro.o(i.MPU_Get_Data)
    MPU_Init                                 0x0800a791   Thumb Code   222  gyro.o(i.MPU_Init)
    MX_DMA_Init                              0x0800a879   Thumb Code   216  dma.o(i.MX_DMA_Init)
    MX_FDCAN1_Init                           0x0800a955   Thumb Code    96  fdcan.o(i.MX_FDCAN1_Init)
    MX_FDCAN2_Init                           0x0800a9bd   Thumb Code   100  fdcan.o(i.MX_FDCAN2_Init)
    MX_GPIO_Init                             0x0800aa29   Thumb Code   278  gpio.o(i.MX_GPIO_Init)
    MX_I2C4_Init                             0x0800ab59   Thumb Code    76  i2c.o(i.MX_I2C4_Init)
    MX_SPI1_Init                             0x0800abb1   Thumb Code    82  spi.o(i.MX_SPI1_Init)
    MX_TIM14_Init                            0x0800ac0d   Thumb Code    44  tim.o(i.MX_TIM14_Init)
    MX_TIM3_Init                             0x0800ac41   Thumb Code   108  tim.o(i.MX_TIM3_Init)
    MX_TIM4_Init                             0x0800acb5   Thumb Code    94  tim.o(i.MX_TIM4_Init)
    MX_UART4_Init                            0x0800ad1d   Thumb Code    94  usart.o(i.MX_UART4_Init)
    MX_UART5_Init                            0x0800ad85   Thumb Code    94  usart.o(i.MX_UART5_Init)
    MX_USART1_UART_Init                      0x0800aded   Thumb Code    96  usart.o(i.MX_USART1_UART_Init)
    MX_USART2_UART_Init                      0x0800ae59   Thumb Code    94  usart.o(i.MX_USART2_UART_Init)
    MX_USART3_UART_Init                      0x0800aec1   Thumb Code    94  usart.o(i.MX_USART3_UART_Init)
    MX_USART6_UART_Init                      0x0800af29   Thumb Code    94  usart.o(i.MX_USART6_UART_Init)
    MemManage_Handler                        0x0800af91   Thumb Code     2  stm32h7xx_it.o(i.MemManage_Handler)
    MotorCanOutput                           0x0800af95   Thumb Code   102  motor.o(i.MotorCanOutput)
    MotorFillData                            0x0800b009   Thumb Code    96  motor.o(i.MotorFillData)
    MotorInit                                0x0800b075   Thumb Code   112  motor.o(i.MotorInit)
    MotorRxCallback                          0x0800b0f9   Thumb Code   354  motor.o(i.MotorRxCallback)
    Mpu6050_senceDebug                       0x0800b269   Thumb Code   344  control_logic.o(i.Mpu6050_senceDebug)
    NMI_Handler                              0x0800b3c5   Thumb Code     2  stm32h7xx_it.o(i.NMI_Handler)
    PC_keybroad_filter                       0x0800b3c9   Thumb Code   618  dr16.o(i.PC_keybroad_filter)
    PendSV_Handler                           0x0800b639   Thumb Code     2  stm32h7xx_it.o(i.PendSV_Handler)
    PrepareForIMU                            0x0800b63d   Thumb Code   418  mpu6050.o(i.PrepareForIMU)
    Referee_Data_Diapcak                     0x0800ba79   Thumb Code   164  referee.o(i.Referee_Data_Diapcak)
    Referee_callback                         0x0800bb29   Thumb Code    12  referee.o(i.Referee_callback)
    RobotOnlineState                         0x0800bb35   Thumb Code    72  check.o(i.RobotOnlineState)
    SVC_Handler                              0x0800bb91   Thumb Code     2  stm32h7xx_it.o(i.SVC_Handler)
    Sensors_I2C_ReadRegister                 0x0800bb95   Thumb Code    76  driver_iic_1.o(i.Sensors_I2C_ReadRegister)
    Sensors_I2C_ReadRegister2                0x0800bbe5   Thumb Code    76  driver_iic_1.o(i.Sensors_I2C_ReadRegister2)
    Sensors_I2C_WriteRegister2               0x0800bc35   Thumb Code    72  driver_iic_1.o(i.Sensors_I2C_WriteRegister2)
    Shoot_Fire_Mode_Control                  0x0800bc81   Thumb Code   100  load.o(i.Shoot_Fire_Mode_Control)
    Steering_Engine_Control                  0x0800bced   Thumb Code    26  load.o(i.Steering_Engine_Control)
    SupercapControl                          0x0800bd11   Thumb Code    82  supercap.o(i.SupercapControl)
    Supercap_rxCallBack                      0x0800bd71   Thumb Code    70  supercap.o(i.Supercap_rxCallBack)
    SwerveChassisGetRemoteData               0x0800bdbd   Thumb Code   606  swerve_chassis.o(i.SwerveChassisGetRemoteData)
    SwerveChassisInit                        0x0800c029   Thumb Code   460  swerve_chassis.o(i.SwerveChassisInit)
    SwerveChassisMotionControl               0x0800c1f9   Thumb Code  1452  swerve_chassis.o(i.SwerveChassisMotionControl)
    SwerveChassisSetFollowPID                0x0800c7a5   Thumb Code    22  swerve_chassis.o(i.SwerveChassisSetFollowPID)
    SwervePowerConrolInit                    0x0800c7bb   Thumb Code    72  swerve_chassis.o(i.SwervePowerConrolInit)
    SysTick_Handler                          0x0800c803   Thumb Code     4  stm32h7xx_it.o(i.SysTick_Handler)
    SystemClock_Config                       0x0800c809   Thumb Code   150  main.o(i.SystemClock_Config)
    SystemInit                               0x0800c8a9   Thumb Code   134  system_stm32h7xx.o(i.SystemInit)
    TIM14_Task                               0x0800c945   Thumb Code  1398  control_logic.o(i.TIM14_Task)
    TIM8_TRG_COM_TIM14_IRQHandler            0x0800ced9   Thumb Code     6  stm32h7xx_it.o(i.TIM8_TRG_COM_TIM14_IRQHandler)
    TIM_Base_SetConfig                       0x0800cee5   Thumb Code   168  stm32h7xx_hal_tim.o(i.TIM_Base_SetConfig)
    TIM_CCxChannelCmd                        0x0800cfad   Thumb Code    30  stm32h7xx_hal_tim.o(i.TIM_CCxChannelCmd)
    TIM_ETR_SetConfig                        0x0800cfcb   Thumb Code    22  stm32h7xx_hal_tim.o(i.TIM_ETR_SetConfig)
    TIM_OC2_SetConfig                        0x0800d09d   Thumb Code   146  stm32h7xx_hal_tim.o(i.TIM_OC2_SetConfig)
    TIM_Open                                 0x0800d345   Thumb Code     6  driver_timer.o(i.TIM_Open)
    TIMx_Init                                0x0800d395   Thumb Code    16  driver_timer.o(i.TIMx_Init)
    UART4_IRQHandler                         0x0800d3ad   Thumb Code     6  stm32h7xx_it.o(i.UART4_IRQHandler)
    UART5_IRQHandler                         0x0800d3b9   Thumb Code     6  stm32h7xx_it.o(i.UART5_IRQHandler)
    UART_AdvFeatureConfig                    0x0800d421   Thumb Code   216  stm32h7xx_hal_uart.o(i.UART_AdvFeatureConfig)
    UART_CheckIdleState                      0x0800d4f9   Thumb Code   104  stm32h7xx_hal_uart.o(i.UART_CheckIdleState)
    UART_ENABLE_IT                           0x0800d6b3   Thumb Code    14  driver_usart.o(i.UART_ENABLE_IT)
    UART_Idle_Handler                        0x0800d763   Thumb Code    84  driver_usart.o(i.UART_Idle_Handler)
    UART_Receive_DMA                         0x0800d7b7   Thumb Code    10  driver_usart.o(i.UART_Receive_DMA)
    UART_SetConfig                           0x0800d7c1   Thumb Code  1218  stm32h7xx_hal_uart.o(i.UART_SetConfig)
    UART_Start_Receive_DMA                   0x0800dc85   Thumb Code   156  stm32h7xx_hal_uart.o(i.UART_Start_Receive_DMA)
    UART_WaitOnFlagUntilTimeout              0x0800dd2d   Thumb Code   226  stm32h7xx_hal_uart.o(i.UART_WaitOnFlagUntilTimeout)
    UARTx_Init                               0x0800de11   Thumb Code    96  driver_usart.o(i.UARTx_Init)
    USART1_IRQHandler                        0x0800de8d   Thumb Code    20  stm32h7xx_it.o(i.USART1_IRQHandler)
    USART2_IRQHandler                        0x0800dead   Thumb Code    20  stm32h7xx_it.o(i.USART2_IRQHandler)
    USART3_IRQHandler                        0x0800decd   Thumb Code    20  stm32h7xx_it.o(i.USART3_IRQHandler)
    USART6_IRQHandler                        0x0800deed   Thumb Code     6  stm32h7xx_it.o(i.USART6_IRQHandler)
    UsageFault_Handler                       0x0800def9   Thumb Code     2  stm32h7xx_it.o(i.UsageFault_Handler)
    VectorSolve                              0x0800defd   Thumb Code   172  swerve_chassis.o(i.VectorSolve)
    Verify_CRC16_Check_Sum                   0x0800dfbd   Thumb Code    54  referee.o(i.Verify_CRC16_Check_Sum)
    Verify_CRC8_Check_Sum                    0x0800dff9   Thumb Code    38  referee.o(i.Verify_CRC8_Check_Sum)
    _Data_Diapcak                            0x0800e021   Thumb Code   658  referee.o(i._Data_Diapcak)
    __0printf                                0x0800e2b9   Thumb Code    22  printfa.o(i.__0printf)
    __1printf                                0x0800e2b9   Thumb Code     0  printfa.o(i.__0printf)
    __2printf                                0x0800e2b9   Thumb Code     0  printfa.o(i.__0printf)
    __c89printf                              0x0800e2b9   Thumb Code     0  printfa.o(i.__0printf)
    printf                                   0x0800e2b9   Thumb Code     0  printfa.o(i.__0printf)
    __ARM_fpclassify                         0x0800e2d9   Thumb Code    48  fpclassify.o(i.__ARM_fpclassify)
    __hardfp_atan                            0x0800e309   Thumb Code   402  atan.o(i.__hardfp_atan)
    __hardfp_atan2                           0x0800e509   Thumb Code   392  atan2.o(i.__hardfp_atan2)
    __hardfp_cos                             0x0800e6d1   Thumb Code   158  cos.o(i.__hardfp_cos)
    __hardfp_sin                             0x0800e781   Thumb Code   158  sin.o(i.__hardfp_sin)
    __hardfp_sqrt                            0x0800e831   Thumb Code   102  sqrt.o(i.__hardfp_sqrt)
    __ieee754_rem_pio2                       0x0800e899   Thumb Code   646  rred.o(i.__ieee754_rem_pio2)
    __kernel_cos                             0x0800eba9   Thumb Code   182  cos_i.o(i.__kernel_cos)
    __kernel_poly                            0x0800ec89   Thumb Code   112  poly.o(i.__kernel_poly)
    __kernel_sin                             0x0800ecf9   Thumb Code   144  sin_i.o(i.__kernel_sin)
    __mathlib_dbl_infnan                     0x0800eda1   Thumb Code     6  dunder.o(i.__mathlib_dbl_infnan)
    __mathlib_dbl_infnan2                    0x0800eda7   Thumb Code     6  dunder.o(i.__mathlib_dbl_infnan2)
    __mathlib_dbl_invalid                    0x0800edb1   Thumb Code    10  dunder.o(i.__mathlib_dbl_invalid)
    __mathlib_dbl_underflow                  0x0800edc9   Thumb Code    10  dunder.o(i.__mathlib_dbl_underflow)
    __scatterload_copy                       0x0800ede1   Thumb Code    14  handlers.o(i.__scatterload_copy)
    __scatterload_null                       0x0800edef   Thumb Code     2  handlers.o(i.__scatterload_null)
    __scatterload_zeroinit                   0x0800edf1   Thumb Code    14  handlers.o(i.__scatterload_zeroinit)
    __set_errno                              0x0800ee01   Thumb Code     6  errno.o(i.__set_errno)
    atan                                     0x0800f697   Thumb Code    16  atan.o(i.atan)
    draw_client_map_information              0x0800f6a9   Thumb Code    96  interaction.o(i.draw_client_map_information)
    draw_graph                               0x0800f711   Thumb Code   152  interaction.o(i.draw_graph)
    draw_interaction                         0x0800f7a9   Thumb Code   136  interaction.o(i.draw_interaction)
    draw_robotdata                           0x0800f83d   Thumb Code   134  interaction.o(i.draw_robotdata)
    fabs                                     0x0800f8c9   Thumb Code    24  fabs.o(i.fabs)
    fputc                                    0x0800f8e1   Thumb Code    32  usart.o(i.fputc)
    invSqrt                                  0x0800f909   Thumb Code    40  mpu6050.o(i.invSqrt)
    main                                     0x0800f935   Thumb Code    84  main.o(i.main)
    referee_draw_NUC_data                    0x0800f989   Thumb Code   784  interaction.o(i.referee_draw_NUC_data)
    referee_draw_cap                         0x0800fd59   Thumb Code   408  interaction.o(i.referee_draw_cap)
    referee_draw_chassis_data                0x0800ff11   Thumb Code   234  interaction.o(i.referee_draw_chassis_data)
    referee_draw_circle                      0x08010009   Thumb Code   254  interaction.o(i.referee_draw_circle)
    referee_draw_float                       0x08010115   Thumb Code   274  interaction.o(i.referee_draw_float)
    referee_draw_int                         0x0801023d   Thumb Code   258  interaction.o(i.referee_draw_int)
    referee_draw_nuc                         0x0801034d   Thumb Code   366  interaction.o(i.referee_draw_nuc)
    referee_draw_shoot                       0x080104d1   Thumb Code   432  interaction.o(i.referee_draw_shoot)
    referee_draw_shoot_data                  0x08010695   Thumb Code    22  interaction.o(i.referee_draw_shoot_data)
    referee_draw_string                      0x080106ad   Thumb Code   258  interaction.o(i.referee_draw_string)
    referee_draw_supercap_data               0x080107b9   Thumb Code   160  interaction.o(i.referee_draw_supercap_data)
    referee_get_receiver_ID                  0x08010859   Thumb Code   114  interaction.o(i.referee_get_receiver_ID)
    referee_graphic_delete                   0x080108cd   Thumb Code    98  interaction.o(i.referee_graphic_delete)
    update                                   0x08010939   Thumb Code    30  interaction.o(i.update)
    D1CorePrescTable                         0x08010956   Data          16  system_stm32h7xx.o(.constdata)
    CRC8_TAB                                 0x08010966   Data         256  referee.o(.constdata)
    wCRC_Table                               0x08010a66   Data         512  referee.o(.constdata)
    CRC8__TAB                                0x08010c66   Data         256  interaction.o(.constdata)
    wCRC__Table                              0x08010d66   Data         512  interaction.o(.constdata)
    UARTPrescTable                           0x08010fcc   Data          24  stm32h7xx_hal_uart.o(.constdata)
    __mathlib_zero                           0x080110c0   Data           8  qnan.o(.constdata)
    Region$$Table$$Base                      0x080111b8   Number         0  anon$$obj.o(Region$$Table)
    Region$$Table$$Limit                     0x080111d8   Number         0  anon$$obj.o(Region$$Table)
    SystemCoreClock                          0x24000004   Data           4  system_stm32h7xx.o(.data)
    SystemD2Clock                            0x24000008   Data           4  system_stm32h7xx.o(.data)
    can1                                     0x2400000c   Data          16  driver_can.o(.data)
    can2                                     0x2400001c   Data          16  driver_can.o(.data)
    uart1                                    0x2400002c   Data           8  driver_usart.o(.data)
    uart2                                    0x24000034   Data           8  driver_usart.o(.data)
    uart3                                    0x2400003c   Data           8  driver_usart.o(.data)
    uart4                                    0x24000044   Data           8  driver_usart.o(.data)
    uart5                                    0x2400004c   Data           8  driver_usart.o(.data)
    uart6                                    0x24000054   Data           8  driver_usart.o(.data)
    uart3_buffer                             0x2400005c   Data           8  referee.o(.data)
    CRC_INIT                                 0x24000064   Data           2  referee.o(.data)
    amp_test                                 0x24000068   Data           2  motor.o(.data)
    Q_index                                  0x2400006c   Data           4  motor.o(.data)
    Ecd_sum                                  0x24000070   Data           4  motor.o(.data)
    Speed_sum                                0x24000074   Data           4  motor.o(.data)
    txBuffer0x200forCAN1                     0x24000078   Data          12  motor.o(.data)
    txBuffer0x1FFforCAN1                     0x24000084   Data          12  motor.o(.data)
    txBuffer0x2FFforCAN1                     0x24000090   Data          12  motor.o(.data)
    txBuffer0x200forCAN2                     0x2400009c   Data          12  motor.o(.data)
    txBuffer0x1FFforCAN2                     0x240000a8   Data          12  motor.o(.data)
    txBuffer0x2FFforCAN2                     0x240000b4   Data          12  motor.o(.data)
    uart1_buffer                             0x240000c0   Data           8  dr16.o(.data)
    txBuffer0x6FFforCAN1                     0x240000ec   Data          12  supercap.o(.data)
    Muzzle                                   0x240000f8   Data          16  heat_control.o(.data)
    each_state                               0x24000108   Data           9  interaction.o(.data)
    float_temp                               0x24000114   Data           4  interaction.o(.data)
    color_test                               0x24000118   Data          12  interaction.o(.data)
    OPEN_Compare                             0x24000124   Data           2  load.o(.data)
    CLOSE_Compare                            0x24000126   Data           2  load.o(.data)
    heat_t                                   0x24000128   Data           2  load.o(.data)
    Friction_Speed_Left                      0x2400012a   Data           2  load.o(.data)
    Friction_Speed_Right                     0x2400012c   Data           2  load.o(.data)
    Friction_Dafu_Left                       0x2400012e   Data           2  load.o(.data)
    Friction_Dafu_Right                      0x24000130   Data           2  load.o(.data)
    Firing_Rate                              0x24000132   Data           2  load.o(.data)
    Friction_Start_Cnt                       0x24000134   Data           2  load.o(.data)
    Friction_Stop_Cnt                        0x24000136   Data           2  load.o(.data)
    shoot_sense                              0x24000138   Data           4  load.o(.data)
    Finish_Angle                             0x2400013c   Data           4  load.o(.data)
    delta_angle                              0x24000140   Data           4  load.o(.data)
    Friction_Three_Speed_Left                0x24000144   Data           6  load.o(.data)
    Friction_Three_Speed_Right               0x2400014a   Data           6  load.o(.data)
    ShootWaitTime                            0x24000150   Data           2  holder.o(.data)
    up_limit                                 0x24000154   Data           4  holder.o(.data)
    down_limit                               0x24000158   Data           4  holder.o(.data)
    rush_cut                                 0x2400015c   Data           1  swerve_chassis.o(.data)
    rush_flag                                0x2400015d   Data           1  swerve_chassis.o(.data)
    fly_flag                                 0x2400015e   Data           1  swerve_chassis.o(.data)
    Speed_Limit                              0x24000160   Data           2  swerve_chassis.o(.data)
    Output_6020                              0x24000164   Data           4  swerve_chassis.o(.data)
    fly_angle                                0x24000168   Data           8  swerve_chassis.o(.data)
    fly_angle2                               0x24000170   Data           8  swerve_chassis.o(.data)
    ThisSecond                               0x24000178   Data           2  control_logic.o(.data)
    Reset_Count                              0x2400017a   Data           2  control_logic.o(.data)
    sens_pitch_change                        0x2400017c   Data           4  control_logic.o(.data)
    asd                                      0x24000180   Data           4  control_logic.o(.data)
    time_cut                                 0x24000184   Data           4  control_logic.o(.data)
    LPF_pitch_speed                          0x24000200   Data          16  filter.o(.data)
    LPF_yaw_speed                            0x24000210   Data          16  filter.o(.data)
    LPF_pitch_vision                         0x24000220   Data          16  filter.o(.data)
    LPF_yaw_vision                           0x24000230   Data          16  filter.o(.data)
    ShootModeToBrain                         0x24000240   Data           1  brain.o(.data)
    dafu_shoot_flag                          0x24000241   Data           1  brain.o(.data)
    tmp0                                     0x24000242   Data           2  brain.o(.data)
    tmp1                                     0x24000244   Data           2  brain.o(.data)
    tmp2                                     0x24000246   Data           2  brain.o(.data)
    tmp3                                     0x24000248   Data           2  brain.o(.data)
    tmp4                                     0x2400024a   Data           2  brain.o(.data)
    cnt                                      0x2400024c   Data           2  brain.o(.data)
    LastYawDeflectionAngle                   0x24000250   Data           4  brain.o(.data)
    LastPitchDeflectionAngle                 0x24000254   Data           4  brain.o(.data)
    PitchDeflectionAngleCut                  0x24000258   Data           4  brain.o(.data)
    Brain_yaw_add                            0x2400025c   Data           4  brain.o(.data)
    Brain_pitch_add                          0x24000260   Data           4  brain.o(.data)
    Brain_add_cut                            0x24000264   Data           4  brain.o(.data)
    yawyaw                                   0x24000268   Data           4  brain.o(.data)
    uart2_buffer                             0x2400026c   Data           8  brain.o(.data)
    gyro_data                                0x24000274   Data          44  gyro.o(.data)
    gyro_data2                               0x240002a0   Data          44  gyro.o(.data)
    write_state                              0x240002cd   Data           1  mpu6050.o(.data)
    TAddr                                    0x240002ce   Data           1  mpu6050.o(.data)
    reset_flag                               0x240002cf   Data           1  mpu6050.o(.data)
    write_state2                             0x240002d0   Data           1  mpu6050.o(.data)
    reset_flag2                              0x240002d1   Data           1  mpu6050.o(.data)
    wate_mpu6050                             0x240002d4   Data           4  mpu6050.o(.data)
    wate_mpu6050_2                           0x240002d8   Data           4  mpu6050.o(.data)
    q0                                       0x240002dc   Data           4  mpu6050.o(.data)
    q1                                       0x240002e0   Data           4  mpu6050.o(.data)
    q2                                       0x240002e4   Data           4  mpu6050.o(.data)
    q3                                       0x240002e8   Data           4  mpu6050.o(.data)
    exInt                                    0x240002ec   Data           4  mpu6050.o(.data)
    eyInt                                    0x240002f0   Data           4  mpu6050.o(.data)
    ezInt                                    0x240002f4   Data           4  mpu6050.o(.data)
    sumx                                     0x240002fc   Data           4  mpu6050.o(.data)
    sumy                                     0x24000300   Data           4  mpu6050.o(.data)
    sumz                                     0x24000304   Data           4  mpu6050.o(.data)
    lastUpdate                               0x24000308   Data           4  mpu6050.o(.data)
    now                                      0x2400030c   Data           4  mpu6050.o(.data)
    norm                                     0x24000310   Data           4  mpu6050.o(.data)
    vx                                       0x24000314   Data           4  mpu6050.o(.data)
    vy                                       0x24000318   Data           4  mpu6050.o(.data)
    vz                                       0x2400031c   Data           4  mpu6050.o(.data)
    ex                                       0x24000320   Data           4  mpu6050.o(.data)
    ey                                       0x24000324   Data           4  mpu6050.o(.data)
    ez                                       0x24000328   Data           4  mpu6050.o(.data)
    halfT                                    0x2400032c   Data           4  mpu6050.o(.data)
    tempq0                                   0x24000330   Data           4  mpu6050.o(.data)
    tempq1                                   0x24000334   Data           4  mpu6050.o(.data)
    tempq2                                   0x24000338   Data           4  mpu6050.o(.data)
    tempq3                                   0x2400033c   Data           4  mpu6050.o(.data)
    uwTickFreq                               0x24000340   Data           1  stm32h7xx_hal.o(.data)
    uwTickPrio                               0x24000344   Data           4  stm32h7xx_hal.o(.data)
    uwTick                                   0x24000348   Data           4  stm32h7xx_hal.o(.data)
    __stdout                                 0x2400034c   Data           4  stdout.o(.data)
    hfdcan1                                  0x24000354   Data         160  fdcan.o(.bss)
    hfdcan2                                  0x240003f4   Data         160  fdcan.o(.bss)
    hi2c2                                    0x24000494   Data          76  i2c.o(.bss)
    hi2c4                                    0x240004e0   Data          76  i2c.o(.bss)
    hspi1                                    0x2400052c   Data         136  spi.o(.bss)
    htim3                                    0x240005b4   Data          76  tim.o(.bss)
    htim4                                    0x24000600   Data          76  tim.o(.bss)
    htim14                                   0x2400064c   Data          76  tim.o(.bss)
    huart4                                   0x24000698   Data         144  usart.o(.bss)
    huart5                                   0x24000728   Data         144  usart.o(.bss)
    huart1                                   0x240007b8   Data         144  usart.o(.bss)
    huart2                                   0x24000848   Data         144  usart.o(.bss)
    huart3                                   0x240008d8   Data         144  usart.o(.bss)
    huart6                                   0x24000968   Data         144  usart.o(.bss)
    hdma_uart4_rx                            0x240009f8   Data         120  usart.o(.bss)
    hdma_uart4_tx                            0x24000a70   Data         120  usart.o(.bss)
    hdma_uart5_rx                            0x24000ae8   Data         120  usart.o(.bss)
    hdma_uart5_tx                            0x24000b60   Data         120  usart.o(.bss)
    hdma_usart1_rx                           0x24000bd8   Data         120  usart.o(.bss)
    hdma_usart2_rx                           0x24000c50   Data         120  usart.o(.bss)
    hdma_usart2_tx                           0x24000cc8   Data         120  usart.o(.bss)
    hdma_usart3_rx                           0x24000d40   Data         120  usart.o(.bss)
    hdma_usart3_tx                           0x24000db8   Data         120  usart.o(.bss)
    hdma_usart6_rx                           0x24000e30   Data         120  usart.o(.bss)
    hdma_usart6_tx                           0x24000ea8   Data         120  usart.o(.bss)
    tim14                                    0x24000f20   Data          20  driver_timer.o(.bss)
    referee2022                              0x24000f34   Data         220  referee.o(.bss)
    temp                                     0x24001010   Data          15  referee.o(.bss)
    ref_packge                               0x2400101f   Data         500  referee.o(.bss)
    rc_Ctrl                                  0x24001214   Data         164  dr16.o(.bss)
    UI                                       0x240012b8   Data         801  interaction.o(.bss)
    check_robot_state                        0x240015da   Data          44  check.o(.bss)
    tim14_FPS                                0x24001624   Data          32  control_logic.o(.bss)
    mpudebug                                 0x24001644   Data          76  control_logic.o(.bss)
    Booster                                  0x24001690   Data          96  hardware_config.o(.bss)
    ChassisSwerve                            0x240016f0   Data          24  hardware_config.o(.bss)
    Vision_Info                              0x24001708   Data          48  hardware_config.o(.bss)
    super_cap                                0x24001738   Data          12  hardware_config.o(.bss)
    forecast                                 0x24001744   Data          36  brain.o(.bss)
    BrainTenYawAngle                         0x24001768   Data          40  brain.o(.bss)
    BrainTenPitchAngle                       0x24001790   Data          40  brain.o(.bss)
    Brain                                    0x240017b8   Data         116  brain.o(.bss)
    sensor2                                  0x24001830   Data         288  mpu6050.o(.bss)
    Gyro_File_Buf                            0x24001950   Data        1440  mpu6050.o(.bss)
    imu_four                                 0x24001ef0   Data          16  mpu6050.o(.bss)
    mpuAngle2                                0x24001f00   Data          32  mpu6050.o(.bss)
    RobotToBrainQuestBuffer                  0x24002020   Data           5  brain.o(.ARM.__AT_0x24002020)
    RobotToBrainCMDBuffer                    0x24002040   Data           3  brain.o(.ARM.__AT_0x24002040)
    RobotToBrainLogBuffer                    0x24002060   Data          20  brain.o(.ARM.__AT_0x24002060)
    RobotToBrainTimeBuffer                   0x24002160   Data          21  brain.o(.ARM.__AT_0x24002160)
    RobotToBrainQuestBuffer_XinTiaoBao       0x24002200   Data           3  brain.o(.ARM.__AT_0x24002200)
    RobotToBrainQuestBuffer_WorkingModel     0x24002210   Data           5  brain.o(.ARM.__AT_0x24002210)
    RobotToBrainQuestBuffer_Velocity         0x24002220   Data           5  brain.o(.ARM.__AT_0x24002220)
    Holder                                   0x24002228   Data         872  hardware_config.o(.bss)
    swerveChassis                            0x24002590   Data        2504  hardware_config.o(.bss)
    Shoot                                    0x24002f58   Data        1564  hardware_config.o(.bss)
    pid_speed                                0x24003574   Data          40  hardware_config.o(.bss)
    pid_angle                                0x2400359c   Data          40  hardware_config.o(.bss)
    pid_yawreset                             0x240035c4   Data          40  hardware_config.o(.bss)
    pid_pitchreset                           0x240035ec   Data          40  hardware_config.o(.bss)
    pid_yaw_angle                            0x24003614   Data          40  hardware_config.o(.bss)
    pid_yaw_speed                            0x2400363c   Data          40  hardware_config.o(.bss)
    pid_follow                               0x24003664   Data          40  hardware_config.o(.bss)
    pid_base                                 0x2400368c   Data          40  hardware_config.o(.bss)
    pid_power                                0x240036b4   Data          40  hardware_config.o(.bss)
    pid_pitch_angle                          0x240036dc   Data          40  hardware_config.o(.bss)
    pid_pitch_speed                          0x24003704   Data          40  hardware_config.o(.bss)
    pid_load                                 0x2400372c   Data          40  hardware_config.o(.bss)
    pid_friction                             0x24003754   Data          40  hardware_config.o(.bss)
    pid_shoot                                0x2400377c   Data          40  hardware_config.o(.bss)
    __initial_sp                             0x24003fa8   Data           0  startup_stm32h750xx.o(STACK)
    DR16_recData                             0x24006000   Data          18  dr16.o(.ARM.__AT_0x24006000)
    Brain_recData                            0x24018000   Data          15  brain.o(.ARM.__AT_0x24018000)
    meta_data                                0x24028000   Data         256  referee.o(.ARM.__AT_0x24028000)
    Data_Pack                                0x24065000   Data         128  interaction.o(.ARM.__AT_0x24065000)



==============================================================================

Memory Map of the image

  Image Entry point : 0x08000299

  Load Region LR_IROM1 (Base: 0x08000000, Size: 0x0001152c, Max: 0x00020000, ABSOLUTE, COMPRESSED[0x00011290])

    Execution Region ER_IROM1 (Exec base: 0x08000000, Load base: 0x08000000, Size: 0x000111d8, Max: 0x00020000, ABSOLUTE)

    Exec Addr    Load Addr    Size         Type   Attr      Idx    E Section Name        Object

    0x08000000   0x08000000   0x00000298   Data   RO            3    RESET               startup_stm32h750xx.o
    0x08000298   0x08000298   0x00000000   Code   RO         7846  * .ARM.Collect$$$$00000000  mc_w.l(entry.o)
    0x08000298   0x08000298   0x00000004   Code   RO         8159    .ARM.Collect$$$$00000001  mc_w.l(entry2.o)
    0x0800029c   0x0800029c   0x00000004   Code   RO         8162    .ARM.Collect$$$$00000004  mc_w.l(entry5.o)
    0x080002a0   0x080002a0   0x00000000   Code   RO         8164    .ARM.Collect$$$$00000008  mc_w.l(entry7b.o)
    0x080002a0   0x080002a0   0x00000000   Code   RO         8166    .ARM.Collect$$$$0000000A  mc_w.l(entry8b.o)
    0x080002a0   0x080002a0   0x00000008   Code   RO         8167    .ARM.Collect$$$$0000000B  mc_w.l(entry9a.o)
    0x080002a8   0x080002a8   0x00000004   Code   RO         8174    .ARM.Collect$$$$0000000E  mc_w.l(entry12b.o)
    0x080002ac   0x080002ac   0x00000000   Code   RO         8169    .ARM.Collect$$$$0000000F  mc_w.l(entry10a.o)
    0x080002ac   0x080002ac   0x00000000   Code   RO         8171    .ARM.Collect$$$$00000011  mc_w.l(entry11a.o)
    0x080002ac   0x080002ac   0x00000004   Code   RO         8160    .ARM.Collect$$$$00002712  mc_w.l(entry2.o)
    0x080002b0   0x080002b0   0x00000024   Code   RO            4    .text               startup_stm32h750xx.o
    0x080002d4   0x080002d4   0x00000062   Code   RO         7849    .text               mc_w.l(uldiv.o)
    0x08000336   0x08000336   0x00000024   Code   RO         7851    .text               mc_w.l(memcpya.o)
    0x0800035a   0x0800035a   0x00000024   Code   RO         7853    .text               mc_w.l(memseta.o)
    0x0800037e   0x0800037e   0x00000012   Code   RO         7855    .text               mc_w.l(strcpy.o)
    0x08000390   0x08000390   0x0000002c   Code   RO         8176    .text               mc_w.l(uidiv.o)
    0x080003bc   0x080003bc   0x0000001e   Code   RO         8178    .text               mc_w.l(llshl.o)
    0x080003da   0x080003da   0x00000020   Code   RO         8180    .text               mc_w.l(llushr.o)
    0x080003fa   0x080003fa   0x00000000   Code   RO         8189    .text               mc_w.l(iusefp.o)
    0x080003fa   0x080003fa   0x0000014e   Code   RO         8190    .text               mf_w.l(dadd.o)
    0x08000548   0x08000548   0x000000e4   Code   RO         8192    .text               mf_w.l(dmul.o)
    0x0800062c   0x0800062c   0x000000de   Code   RO         8194    .text               mf_w.l(ddiv.o)
    0x0800070a   0x0800070a   0x00000030   Code   RO         8196    .text               mf_w.l(dfixul.o)
    0x0800073a   0x0800073a   0x00000002   PAD
    0x0800073c   0x0800073c   0x00000030   Code   RO         8198    .text               mf_w.l(cdrcmple.o)
    0x0800076c   0x0800076c   0x00000024   Code   RO         8200    .text               mc_w.l(init.o)
    0x08000790   0x08000790   0x00000024   Code   RO         8202    .text               mc_w.l(llsshr.o)
    0x080007b4   0x080007b4   0x000000ba   Code   RO         8204    .text               mf_w.l(depilogue.o)
    0x0800086e   0x0800086e   0x00000056   Code   RO         8214    .text               mc_w.l(__dczerorl2.o)
    0x080008c4   0x080008c4   0x00000094   Code   RO         2223    i.BasePID_AngleControl  pid.o
    0x08000958   0x08000958   0x000000c8   Code   RO         2224    i.BasePID_AngleControlFollow  pid.o
    0x08000a20   0x08000a20   0x0000007c   Code   RO         2225    i.BasePID_BaseControl  pid.o
    0x08000a9c   0x08000a9c   0x00000020   Code   RO         2227    i.BasePID_Init      pid.o
    0x08000abc   0x08000abc   0x000000a8   Code   RO         2228    i.BasePID_PitchAngleControl  pid.o
    0x08000b64   0x08000b64   0x000000c4   Code   RO         2229    i.BasePID_PitchSpeedControl  pid.o
    0x08000c28   0x08000c28   0x0000005c   Code   RO         2231    i.BasePID_SpeedControl  pid.o
    0x08000c84   0x08000c84   0x000000a8   Code   RO         2232    i.BasePID_YawAngleControl  pid.o
    0x08000d2c   0x08000d2c   0x000000c4   Code   RO         2233    i.BasePID_YawSpeedControl  pid.o
    0x08000df0   0x08000df0   0x00000428   Code   RO         2419    i.Brain_DataUnpack  brain.o
    0x08001218   0x08001218   0x000000d4   Code   RO         2421    i.Brain_RobotModeControl  brain.o
    0x080012ec   0x080012ec   0x0000001c   Code   RO         2422    i.Brain_RobotToBrainCmd  brain.o
    0x08001308   0x08001308   0x00000028   Code   RO         2425    i.Brain_RobotToBrainQuest_Velocity  brain.o
    0x08001330   0x08001330   0x00000028   Code   RO         2426    i.Brain_RobotToBrainQuest_WorkingModel  brain.o
    0x08001358   0x08001358   0x00000020   Code   RO         2427    i.Brain_RobotToBrainQuest_XinTiaoBao  brain.o
    0x08001378   0x08001378   0x0000001c   Code   RO         2429    i.Brain_RobotToComputerCmd  brain.o
    0x08001394   0x08001394   0x00000018   Code   RO         2430    i.Brain_callback    brain.o
    0x080013ac   0x080013ac   0x00000002   Code   RO          643    i.BusFault_Handler  stm32h7xx_it.o
    0x080013ae   0x080013ae   0x00000002   PAD
    0x080013b0   0x080013b0   0x00000040   Code   RO         2039    i.CAN1_rxCallBack   control_logic.o
    0x080013f0   0x080013f0   0x00000020   Code   RO         2040    i.CAN2_rxCallBack   control_logic.o
    0x08001410   0x08001410   0x00000034   Code   RO          908    i.CAN_Open          driver_can.o
    0x08001444   0x08001444   0x0000000e   Code   RO         1196    i.CAN_RegisteMotor  motor.o
    0x08001452   0x08001452   0x00000034   Code   RO          909    i.CAN_Send          driver_can.o
    0x08001486   0x08001486   0x00000002   PAD
    0x08001488   0x08001488   0x00000094   Code   RO         1197    i.CAN_fill_3508_2006_data  motor.o
    0x0800151c   0x0800151c   0x00000074   Code   RO         1198    i.CAN_fill_6020_data  motor.o
    0x08001590   0x08001590   0x00000026   Code   RO         1199    i.CAN_update_data   motor.o
    0x080015b6   0x080015b6   0x00000002   PAD
    0x080015b8   0x080015b8   0x0000002c   Code   RO          910    i.CANx_Init         driver_can.o
    0x080015e4   0x080015e4   0x0000036c   Code   RO         1917    i.Chassis_Mode_Control  swerve_chassis.o
    0x08001950   0x08001950   0x0000000c   Code   RO          644    i.DMA1_Stream0_IRQHandler  stm32h7xx_it.o
    0x0800195c   0x0800195c   0x0000000c   Code   RO          645    i.DMA1_Stream2_IRQHandler  stm32h7xx_it.o
    0x08001968   0x08001968   0x0000000c   Code   RO          646    i.DMA1_Stream3_IRQHandler  stm32h7xx_it.o
    0x08001974   0x08001974   0x0000000c   Code   RO          647    i.DMA1_Stream4_IRQHandler  stm32h7xx_it.o
    0x08001980   0x08001980   0x0000000c   Code   RO          648    i.DMA1_Stream5_IRQHandler  stm32h7xx_it.o
    0x0800198c   0x0800198c   0x0000000c   Code   RO          649    i.DMA1_Stream6_IRQHandler  stm32h7xx_it.o
    0x08001998   0x08001998   0x0000000c   Code   RO          650    i.DMA1_Stream7_IRQHandler  stm32h7xx_it.o
    0x080019a4   0x080019a4   0x0000000c   Code   RO          651    i.DMA2_Stream0_IRQHandler  stm32h7xx_it.o
    0x080019b0   0x080019b0   0x0000000c   Code   RO          652    i.DMA2_Stream1_IRQHandler  stm32h7xx_it.o
    0x080019bc   0x080019bc   0x0000000c   Code   RO          653    i.DMA2_Stream3_IRQHandler  stm32h7xx_it.o
    0x080019c8   0x080019c8   0x0000000c   Code   RO          654    i.DMA2_Stream4_IRQHandler  stm32h7xx_it.o
    0x080019d4   0x080019d4   0x000000e4   Code   RO         4262    i.DMA_CalcBaseAndBitshift  stm32h7xx_hal_dma.o
    0x08001ab8   0x08001ab8   0x000000d8   Code   RO         4263    i.DMA_CalcDMAMUXChannelBaseAndMask  stm32h7xx_hal_dma.o
    0x08001b90   0x08001b90   0x0000008c   Code   RO         4264    i.DMA_CalcDMAMUXRequestGenBaseAndMask  stm32h7xx_hal_dma.o
    0x08001c1c   0x08001c1c   0x0000007e   Code   RO         4265    i.DMA_CheckFifoParam  stm32h7xx_hal_dma.o
    0x08001c9a   0x08001c9a   0x00000002   PAD
    0x08001c9c   0x08001c9c   0x0000024c   Code   RO         4266    i.DMA_SetConfig     stm32h7xx_hal_dma.o
    0x08001ee8   0x08001ee8   0x00000064   Code   RO         1278    i.DR16Init          dr16.o
    0x08001f4c   0x08001f4c   0x00000224   Code   RO         1279    i.DR16_DataUnpack   dr16.o
    0x08002170   0x08002170   0x00000068   Code   RO         1280    i.DR16_callback     dr16.o
    0x080021d8   0x080021d8   0x00000002   Code   RO          655    i.DebugMon_Handler  stm32h7xx_it.o
    0x080021da   0x080021da   0x00000002   PAD
    0x080021dc   0x080021dc   0x0000003c   Code   RO         1918    i.EcdtoAngle        swerve_chassis.o
    0x08002218   0x08002218   0x00000002   Code   RO           13    i.Error_Handler     main.o
    0x0800221a   0x0800221a   0x00000002   PAD
    0x0800221c   0x0800221c   0x0000000c   Code   RO          656    i.FDCAN1_IT0_IRQHandler  stm32h7xx_it.o
    0x08002228   0x08002228   0x0000000c   Code   RO          657    i.FDCAN2_IT0_IRQHandler  stm32h7xx_it.o
    0x08002234   0x08002234   0x000001f4   Code   RO         2944    i.FDCAN_CalcultateRamBlockAddresses  stm32h7xx_hal_fdcan.o
    0x08002428   0x08002428   0x000000a8   Code   RO         2945    i.FDCAN_CopyMessageToRAM  stm32h7xx_hal_fdcan.o
    0x080024d0   0x080024d0   0x000000c4   Code   RO         1919    i.FindBestTargetAngle  swerve_chassis.o
    0x08002594   0x08002594   0x00000354   Code   RO         1694    i.Friction_Load_Fire_Control  load.o
    0x080028e8   0x080028e8   0x0000018c   Code   RO         1695    i.Friction_Load_Pid_Control  load.o
    0x08002a74   0x08002a74   0x00000034   Code   RO         1696    i.Friction_Shoot_Heat_Control_Deal  load.o
    0x08002aa8   0x08002aa8   0x0000002c   Code   RO         1459    i.Get_CRC16_Check   interaction.o
    0x08002ad4   0x08002ad4   0x0000002c   Code   RO         1098    i.Get_CRC16_Check_Sum  referee.o
    0x08002b00   0x08002b00   0x0000001c   Code   RO         1460    i.Get_CRC8_Check    interaction.o
    0x08002b1c   0x08002b1c   0x0000001c   Code   RO         1099    i.Get_CRC8_Check_Sum  referee.o
    0x08002b38   0x08002b38   0x000000ec   Code   RO         2588    i.Gyro_Get_Data2    gyro.o
    0x08002c24   0x08002c24   0x0000001c   Code   RO         2589    i.Gyro_Init         gyro.o
    0x08002c40   0x08002c40   0x000001d0   Code   RO         2663    i.Gyro_OFFEST       mpu6050.o
    0x08002e10   0x08002e10   0x00000368   Code   RO         4267    i.HAL_DMA_Abort     stm32h7xx_hal_dma.o
    0x08003178   0x08003178   0x000002a0   Code   RO         4268    i.HAL_DMA_Abort_IT  stm32h7xx_hal_dma.o
    0x08003418   0x08003418   0x00000004   Code   RO         4270    i.HAL_DMA_GetError  stm32h7xx_hal_dma.o
    0x0800341c   0x0800341c   0x00000780   Code   RO         4272    i.HAL_DMA_IRQHandler  stm32h7xx_hal_dma.o
    0x08003b9c   0x08003b9c   0x000003f4   Code   RO         4273    i.HAL_DMA_Init      stm32h7xx_hal_dma.o
    0x08003f90   0x08003f90   0x000002e0   Code   RO         4277    i.HAL_DMA_Start_IT  stm32h7xx_hal_dma.o
    0x08004270   0x08004270   0x00000028   Code   RO         4976    i.HAL_Delay         stm32h7xx_hal.o
    0x08004298   0x08004298   0x000000a0   Code   RO         2947    i.HAL_FDCAN_ActivateNotification  stm32h7xx_hal_fdcan.o
    0x08004338   0x08004338   0x00000074   Code   RO         2949    i.HAL_FDCAN_AddMessageToTxFifoQ  stm32h7xx_hal_fdcan.o
    0x080043ac   0x080043ac   0x00000002   Code   RO         2950    i.HAL_FDCAN_ClockCalibrationCallback  stm32h7xx_hal_fdcan.o
    0x080043ae   0x080043ae   0x0000008e   Code   RO         2954    i.HAL_FDCAN_ConfigFilter  stm32h7xx_hal_fdcan.o
    0x0800443c   0x0800443c   0x00000002   Code   RO         2976    i.HAL_FDCAN_ErrorCallback  stm32h7xx_hal_fdcan.o
    0x0800443e   0x0800443e   0x00000002   Code   RO         2977    i.HAL_FDCAN_ErrorStatusCallback  stm32h7xx_hal_fdcan.o
    0x08004440   0x08004440   0x000001e8   Code   RO         2988    i.HAL_FDCAN_GetRxMessage  stm32h7xx_hal_fdcan.o
    0x08004628   0x08004628   0x00000002   Code   RO         2994    i.HAL_FDCAN_HighPriorityMessageCallback  stm32h7xx_hal_fdcan.o
    0x0800462a   0x0800462a   0x00000002   PAD
    0x0800462c   0x0800462c   0x00000308   Code   RO         2995    i.HAL_FDCAN_IRQHandler  stm32h7xx_hal_fdcan.o
    0x08004934   0x08004934   0x00000298   Code   RO         2996    i.HAL_FDCAN_Init    stm32h7xx_hal_fdcan.o
    0x08004bcc   0x08004bcc   0x0000011c   Code   RO          321    i.HAL_FDCAN_MspInit  fdcan.o
    0x08004ce8   0x08004ce8   0x00000002   Code   RO         3005    i.HAL_FDCAN_RxBufferNewMessageCallback  stm32h7xx_hal_fdcan.o
    0x08004cea   0x08004cea   0x00000002   PAD
    0x08004cec   0x08004cec   0x0000005c   Code   RO          911    i.HAL_FDCAN_RxFifo0Callback  driver_can.o
    0x08004d48   0x08004d48   0x00000002   Code   RO         3007    i.HAL_FDCAN_RxFifo1Callback  stm32h7xx_hal_fdcan.o
    0x08004d4a   0x08004d4a   0x00000032   Code   RO         3008    i.HAL_FDCAN_Start   stm32h7xx_hal_fdcan.o
    0x08004d7c   0x08004d7c   0x00000002   Code   RO         3030    i.HAL_FDCAN_TT_GlobalTimeCallback  stm32h7xx_hal_fdcan.o
    0x08004d7e   0x08004d7e   0x00000002   Code   RO         3031    i.HAL_FDCAN_TT_ScheduleSyncCallback  stm32h7xx_hal_fdcan.o
    0x08004d80   0x08004d80   0x00000002   Code   RO         3036    i.HAL_FDCAN_TT_StopWatchCallback  stm32h7xx_hal_fdcan.o
    0x08004d82   0x08004d82   0x00000002   Code   RO         3037    i.HAL_FDCAN_TT_TimeMarkCallback  stm32h7xx_hal_fdcan.o
    0x08004d84   0x08004d84   0x00000002   Code   RO         3038    i.HAL_FDCAN_TimeoutOccurredCallback  stm32h7xx_hal_fdcan.o
    0x08004d86   0x08004d86   0x00000002   Code   RO         3039    i.HAL_FDCAN_TimestampWraparoundCallback  stm32h7xx_hal_fdcan.o
    0x08004d88   0x08004d88   0x00000002   Code   RO         3040    i.HAL_FDCAN_TxBufferAbortCallback  stm32h7xx_hal_fdcan.o
    0x08004d8a   0x08004d8a   0x00000002   Code   RO         3041    i.HAL_FDCAN_TxBufferCompleteCallback  stm32h7xx_hal_fdcan.o
    0x08004d8c   0x08004d8c   0x00000002   Code   RO         3042    i.HAL_FDCAN_TxEventFifoCallback  stm32h7xx_hal_fdcan.o
    0x08004d8e   0x08004d8e   0x00000002   Code   RO         3043    i.HAL_FDCAN_TxFifoEmptyCallback  stm32h7xx_hal_fdcan.o
    0x08004d90   0x08004d90   0x00000180   Code   RO         4112    i.HAL_GPIO_DeInit   stm32h7xx_hal_gpio.o
    0x08004f10   0x08004f10   0x000001f4   Code   RO         4115    i.HAL_GPIO_Init     stm32h7xx_hal_gpio.o
    0x08005104   0x08005104   0x0000000e   Code   RO         4119    i.HAL_GPIO_WritePin  stm32h7xx_hal_gpio.o
    0x08005112   0x08005112   0x00000002   PAD
    0x08005114   0x08005114   0x0000000c   Code   RO         4987    i.HAL_GetREVID      stm32h7xx_hal.o
    0x08005120   0x08005120   0x0000000c   Code   RO         4988    i.HAL_GetTick       stm32h7xx_hal.o
    0x0800512c   0x0800512c   0x0000005a   Code   RO         5743    i.HAL_I2CEx_ConfigAnalogFilter  stm32h7xx_hal_i2c_ex.o
    0x08005186   0x08005186   0x00000056   Code   RO         5744    i.HAL_I2CEx_ConfigDigitalFilter  stm32h7xx_hal_i2c_ex.o
    0x080051dc   0x080051dc   0x00000036   Code   RO         5283    i.HAL_I2C_DeInit    stm32h7xx_hal_i2c.o
    0x08005212   0x08005212   0x00000006   Code   RO         5291    i.HAL_I2C_GetState  stm32h7xx_hal_i2c.o
    0x08005218   0x08005218   0x000000be   Code   RO         5292    i.HAL_I2C_Init      stm32h7xx_hal_i2c.o
    0x080052d6   0x080052d6   0x00000188   Code   RO         5293    i.HAL_I2C_IsDeviceReady  stm32h7xx_hal_i2c.o
    0x0800545e   0x0800545e   0x00000002   PAD
    0x08005460   0x08005460   0x000001b0   Code   RO         5310    i.HAL_I2C_Mem_Read  stm32h7xx_hal_i2c.o
    0x08005610   0x08005610   0x000001a4   Code   RO         5313    i.HAL_I2C_Mem_Write  stm32h7xx_hal_i2c.o
    0x080057b4   0x080057b4   0x00000068   Code   RO          369    i.HAL_I2C_MspDeInit  i2c.o
    0x0800581c   0x0800581c   0x000000dc   Code   RO          370    i.HAL_I2C_MspInit   i2c.o
    0x080058f8   0x080058f8   0x00000010   Code   RO         4994    i.HAL_IncTick       stm32h7xx_hal.o
    0x08005908   0x08005908   0x0000005c   Code   RO         4995    i.HAL_Init          stm32h7xx_hal.o
    0x08005964   0x08005964   0x0000004c   Code   RO         4996    i.HAL_InitTick      stm32h7xx_hal.o
    0x080059b0   0x080059b0   0x00000058   Code   RO         2809    i.HAL_MPU_ConfigRegion  stm32h7xx_hal_cortex.o
    0x08005a08   0x08005a08   0x00000020   Code   RO         2810    i.HAL_MPU_Disable   stm32h7xx_hal_cortex.o
    0x08005a28   0x08005a28   0x00000024   Code   RO         2811    i.HAL_MPU_Enable    stm32h7xx_hal_cortex.o
    0x08005a4c   0x08005a4c   0x00000020   Code   RO          847    i.HAL_MspInit       stm32h7xx_hal_msp.o
    0x08005a6c   0x08005a6c   0x0000001c   Code   RO         2814    i.HAL_NVIC_EnableIRQ  stm32h7xx_hal_cortex.o
    0x08005a88   0x08005a88   0x0000006c   Code   RO         2820    i.HAL_NVIC_SetPriority  stm32h7xx_hal_cortex.o
    0x08005af4   0x08005af4   0x00000024   Code   RO         2821    i.HAL_NVIC_SetPriorityGrouping  stm32h7xx_hal_cortex.o
    0x08005b18   0x08005b18   0x00000060   Code   RO         4716    i.HAL_PWREx_ConfigSupply  stm32h7xx_hal_pwr_ex.o
    0x08005b78   0x08005b78   0x00000024   Code   RO         3678    i.HAL_RCCEx_GetD3PCLK1Freq  stm32h7xx_hal_rcc_ex.o
    0x08005b9c   0x08005b9c   0x000001d0   Code   RO         3680    i.HAL_RCCEx_GetPLL2ClockFreq  stm32h7xx_hal_rcc_ex.o
    0x08005d6c   0x08005d6c   0x000001d0   Code   RO         3681    i.HAL_RCCEx_GetPLL3ClockFreq  stm32h7xx_hal_rcc_ex.o
    0x08005f3c   0x08005f3c   0x000009b0   Code   RO         3687    i.HAL_RCCEx_PeriphCLKConfig  stm32h7xx_hal_rcc_ex.o
    0x080068ec   0x080068ec   0x000002bc   Code   RO         3563    i.HAL_RCC_ClockConfig  stm32h7xx_hal_rcc.o
    0x08006ba8   0x08006ba8   0x00000048   Code   RO         3568    i.HAL_RCC_GetHCLKFreq  stm32h7xx_hal_rcc.o
    0x08006bf0   0x08006bf0   0x00000028   Code   RO         3570    i.HAL_RCC_GetPCLK1Freq  stm32h7xx_hal_rcc.o
    0x08006c18   0x08006c18   0x00000028   Code   RO         3571    i.HAL_RCC_GetPCLK2Freq  stm32h7xx_hal_rcc.o
    0x08006c40   0x08006c40   0x000001dc   Code   RO         3572    i.HAL_RCC_GetSysClockFreq  stm32h7xx_hal_rcc.o
    0x08006e1c   0x08006e1c   0x000006fc   Code   RO         3575    i.HAL_RCC_OscConfig  stm32h7xx_hal_rcc.o
    0x08007518   0x08007518   0x00000158   Code   RO         5910    i.HAL_SPI_Init      stm32h7xx_hal_spi.o
    0x08007670   0x08007670   0x00000080   Code   RO          448    i.HAL_SPI_MspInit   spi.o
    0x080076f0   0x080076f0   0x00000028   Code   RO         2825    i.HAL_SYSTICK_Config  stm32h7xx_hal_cortex.o
    0x08007718   0x08007718   0x00000002   Code   RO         6954    i.HAL_TIMEx_Break2Callback  stm32h7xx_hal_tim_ex.o
    0x0800771a   0x0800771a   0x00000002   Code   RO         6955    i.HAL_TIMEx_BreakCallback  stm32h7xx_hal_tim_ex.o
    0x0800771c   0x0800771c   0x00000002   Code   RO         6956    i.HAL_TIMEx_CommutCallback  stm32h7xx_hal_tim_ex.o
    0x0800771e   0x0800771e   0x00000002   PAD
    0x08007720   0x08007720   0x000000a8   Code   RO         6976    i.HAL_TIMEx_MasterConfigSynchronization  stm32h7xx_hal_tim_ex.o
    0x080077c8   0x080077c8   0x00000064   Code   RO         6229    i.HAL_TIM_Base_Init  stm32h7xx_hal_tim.o
    0x0800782c   0x0800782c   0x00000054   Code   RO          490    i.HAL_TIM_Base_MspInit  tim.o
    0x08007880   0x08007880   0x0000008c   Code   RO         6232    i.HAL_TIM_Base_Start  stm32h7xx_hal_tim.o
    0x0800790c   0x0800790c   0x00000094   Code   RO         6234    i.HAL_TIM_Base_Start_IT  stm32h7xx_hal_tim.o
    0x080079a0   0x080079a0   0x0000010a   Code   RO         6238    i.HAL_TIM_ConfigClockSource  stm32h7xx_hal_tim.o
    0x08007aaa   0x08007aaa   0x00000002   Code   RO         6263    i.HAL_TIM_IC_CaptureCallback  stm32h7xx_hal_tim.o
    0x08007aac   0x08007aac   0x00000192   Code   RO         6277    i.HAL_TIM_IRQHandler  stm32h7xx_hal_tim.o
    0x08007c3e   0x08007c3e   0x00000002   PAD
    0x08007c40   0x08007c40   0x00000050   Code   RO          491    i.HAL_TIM_MspPostInit  tim.o
    0x08007c90   0x08007c90   0x00000002   Code   RO         6280    i.HAL_TIM_OC_DelayElapsedCallback  stm32h7xx_hal_tim.o
    0x08007c92   0x08007c92   0x00000136   Code   RO         6301    i.HAL_TIM_PWM_ConfigChannel  stm32h7xx_hal_tim.o
    0x08007dc8   0x08007dc8   0x00000064   Code   RO         6304    i.HAL_TIM_PWM_Init  stm32h7xx_hal_tim.o
    0x08007e2c   0x08007e2c   0x00000028   Code   RO          493    i.HAL_TIM_PWM_MspInit  tim.o
    0x08007e54   0x08007e54   0x00000002   Code   RO         6307    i.HAL_TIM_PWM_PulseFinishedCallback  stm32h7xx_hal_tim.o
    0x08007e56   0x08007e56   0x00000002   PAD
    0x08007e58   0x08007e58   0x0000012c   Code   RO         6309    i.HAL_TIM_PWM_Start  stm32h7xx_hal_tim.o
    0x08007f84   0x08007f84   0x00000018   Code   RO         1054    i.HAL_TIM_PeriodElapsedCallback  driver_timer.o
    0x08007f9c   0x08007f9c   0x00000002   Code   RO         6320    i.HAL_TIM_TriggerCallback  stm32h7xx_hal_tim.o
    0x08007f9e   0x08007f9e   0x0000003e   Code   RO         7670    i.HAL_UARTEx_DisableFifoMode  stm32h7xx_hal_uart_ex.o
    0x08007fdc   0x08007fdc   0x00000002   Code   RO         7254    i.HAL_UARTEx_RxEventCallback  stm32h7xx_hal_uart.o
    0x08007fde   0x08007fde   0x00000002   Code   RO         7677    i.HAL_UARTEx_RxFifoFullCallback  stm32h7xx_hal_uart_ex.o
    0x08007fe0   0x08007fe0   0x0000004c   Code   RO         7678    i.HAL_UARTEx_SetRxFifoThreshold  stm32h7xx_hal_uart_ex.o
    0x0800802c   0x0800802c   0x0000004c   Code   RO         7679    i.HAL_UARTEx_SetTxFifoThreshold  stm32h7xx_hal_uart_ex.o
    0x08008078   0x08008078   0x00000002   Code   RO         7681    i.HAL_UARTEx_TxFifoEmptyCallback  stm32h7xx_hal_uart_ex.o
    0x0800807a   0x0800807a   0x00000002   Code   RO         7682    i.HAL_UARTEx_WakeupCallback  stm32h7xx_hal_uart_ex.o
    0x0800807c   0x0800807c   0x00000086   Code   RO         7265    i.HAL_UART_DMAResume  stm32h7xx_hal_uart.o
    0x08008102   0x08008102   0x0000009e   Code   RO         7266    i.HAL_UART_DMAStop  stm32h7xx_hal_uart.o
    0x080081a0   0x080081a0   0x00000002   Code   RO         7270    i.HAL_UART_ErrorCallback  stm32h7xx_hal_uart.o
    0x080081a2   0x080081a2   0x00000002   PAD
    0x080081a4   0x080081a4   0x000003e0   Code   RO         7273    i.HAL_UART_IRQHandler  stm32h7xx_hal_uart.o
    0x08008584   0x08008584   0x00000070   Code   RO         7274    i.HAL_UART_Init     stm32h7xx_hal_uart.o
    0x080085f4   0x080085f4   0x00000528   Code   RO          562    i.HAL_UART_MspInit  usart.o
    0x08008b1c   0x08008b1c   0x0000004a   Code   RO         7278    i.HAL_UART_Receive_DMA  stm32h7xx_hal_uart.o
    0x08008b66   0x08008b66   0x00000002   Code   RO         7281    i.HAL_UART_RxCpltCallback  stm32h7xx_hal_uart.o
    0x08008b68   0x08008b68   0x00000002   Code   RO         7282    i.HAL_UART_RxHalfCpltCallback  stm32h7xx_hal_uart.o
    0x08008b6a   0x08008b6a   0x000000c2   Code   RO         7283    i.HAL_UART_Transmit  stm32h7xx_hal_uart.o
    0x08008c2c   0x08008c2c   0x000000b4   Code   RO         7284    i.HAL_UART_Transmit_DMA  stm32h7xx_hal_uart.o
    0x08008ce0   0x08008ce0   0x00000002   Code   RO         7286    i.HAL_UART_TxCpltCallback  stm32h7xx_hal_uart.o
    0x08008ce2   0x08008ce2   0x00000002   Code   RO         7287    i.HAL_UART_TxHalfCpltCallback  stm32h7xx_hal_uart.o
    0x08008ce4   0x08008ce4   0x00000002   Code   RO          658    i.HardFault_Handler  stm32h7xx_it.o
    0x08008ce6   0x08008ce6   0x00000002   PAD
    0x08008ce8   0x08008ce8   0x0000037c   Code   RO         2112    i.HardwareConfig    hardware_config.o
    0x08009064   0x08009064   0x0000004c   Code   RO         1419    i.Heat_Control      heat_control.o
    0x080090b0   0x080090b0   0x00000274   Code   RO         1802    i.HolderGetRemoteData  holder.o
    0x08009324   0x08009324   0x00000130   Code   RO         1803    i.HolderInit        holder.o
    0x08009454   0x08009454   0x000000a0   Code   RO         1804    i.HolderReset       holder.o
    0x080094f4   0x080094f4   0x00000018   Code   RO         2532    i.I2C2_Error        driver_iic_1.o
    0x0800950c   0x0800950c   0x00000018   Code   RO         2533    i.I2C4_Error        driver_iic_1.o
    0x08009524   0x08009524   0x00000022   Code   RO         5339    i.I2C_Flush_TXDR    stm32h7xx_hal_i2c.o
    0x08009546   0x08009546   0x00000002   PAD
    0x08009548   0x08009548   0x00000124   Code   RO         5347    i.I2C_IsErrorOccurred  stm32h7xx_hal_i2c.o
    0x0800966c   0x0800966c   0x0000007c   Code   RO         5350    i.I2C_RequestMemoryRead  stm32h7xx_hal_i2c.o
    0x080096e8   0x080096e8   0x0000007c   Code   RO         5351    i.I2C_RequestMemoryWrite  stm32h7xx_hal_i2c.o
    0x08009764   0x08009764   0x00000038   Code   RO         5354    i.I2C_TransferConfig  stm32h7xx_hal_i2c.o
    0x0800979c   0x0800979c   0x0000006c   Code   RO         5356    i.I2C_WaitOnFlagUntilTimeout  stm32h7xx_hal_i2c.o
    0x08009808   0x08009808   0x00000058   Code   RO         5358    i.I2C_WaitOnSTOPFlagUntilTimeout  stm32h7xx_hal_i2c.o
    0x08009860   0x08009860   0x0000005e   Code   RO         5359    i.I2C_WaitOnTXISFlagUntilTimeout  stm32h7xx_hal_i2c.o
    0x080098be   0x080098be   0x00000018   Code   RO         2664    i.IMU_Boot          mpu6050.o
    0x080098d6   0x080098d6   0x00000002   PAD
    0x080098d8   0x080098d8   0x00000388   Code   RO         2665    i.IMUupdate         mpu6050.o
    0x08009c60   0x08009c60   0x0000003c   Code   RO         2160    i.KalmanFilter_x    kalman.o
    0x08009c9c   0x08009c9c   0x0000003c   Code   RO         2161    i.KalmanFilter_y    kalman.o
    0x08009cd8   0x08009cd8   0x0000003c   Code   RO         2163    i.KalmanFilter_z    kalman.o
    0x08009d14   0x08009d14   0x0000053c   Code   RO         1281    i.KeyBoard_DataUnpack  dr16.o
    0x0800a250   0x0800a250   0x00000026   Code   RO         2348    i.LPFilter          filter.o
    0x0800a276   0x0800a276   0x00000002   PAD
    0x0800a278   0x0800a278   0x000000f8   Code   RO         1697    i.LoadInit          load.o
    0x0800a370   0x0800a370   0x000000c4   Code   RO         1698    i.Load_Motor_Control  load.o
    0x0800a434   0x0800a434   0x00000180   Code   RO         1699    i.Load_Shoot_control  load.o
    0x0800a5b4   0x0800a5b4   0x000000b4   Code   RO         2671    i.MPU6050_Init2     mpu6050.o
    0x0800a668   0x0800a668   0x00000010   Code   RO         2673    i.MPU6050_PowerOn   mpu6050.o
    0x0800a678   0x0800a678   0x00000098   Code   RO         2674    i.MPU6050_RawDataUpdate  mpu6050.o
    0x0800a710   0x0800a710   0x00000010   Code   RO         2675    i.MPU6050_ReadData  mpu6050.o
    0x0800a720   0x0800a720   0x00000010   Code   RO         2676    i.MPU6050_ReadData2  mpu6050.o
    0x0800a730   0x0800a730   0x00000012   Code   RO         2678    i.MPU6050_WriteByte2  mpu6050.o
    0x0800a742   0x0800a742   0x00000002   PAD
    0x0800a744   0x0800a744   0x0000004c   Code   RO         2591    i.MPU_Get_Data      gyro.o
    0x0800a790   0x0800a790   0x000000e8   Code   RO         2592    i.MPU_Init          gyro.o
    0x0800a878   0x0800a878   0x000000dc   Code   RO          296    i.MX_DMA_Init       dma.o
    0x0800a954   0x0800a954   0x00000068   Code   RO          322    i.MX_FDCAN1_Init    fdcan.o
    0x0800a9bc   0x0800a9bc   0x0000006c   Code   RO          323    i.MX_FDCAN2_Init    fdcan.o
    0x0800aa28   0x0800aa28   0x00000130   Code   RO          272    i.MX_GPIO_Init      gpio.o
    0x0800ab58   0x0800ab58   0x00000058   Code   RO          372    i.MX_I2C4_Init      i2c.o
    0x0800abb0   0x0800abb0   0x0000005c   Code   RO          449    i.MX_SPI1_Init      spi.o
    0x0800ac0c   0x0800ac0c   0x00000034   Code   RO          494    i.MX_TIM14_Init     tim.o
    0x0800ac40   0x0800ac40   0x00000074   Code   RO          495    i.MX_TIM3_Init      tim.o
    0x0800acb4   0x0800acb4   0x00000068   Code   RO          496    i.MX_TIM4_Init      tim.o
    0x0800ad1c   0x0800ad1c   0x00000068   Code   RO          563    i.MX_UART4_Init     usart.o
    0x0800ad84   0x0800ad84   0x00000068   Code   RO          564    i.MX_UART5_Init     usart.o
    0x0800adec   0x0800adec   0x0000006c   Code   RO          565    i.MX_USART1_UART_Init  usart.o
    0x0800ae58   0x0800ae58   0x00000068   Code   RO          566    i.MX_USART2_UART_Init  usart.o
    0x0800aec0   0x0800aec0   0x00000068   Code   RO          567    i.MX_USART3_UART_Init  usart.o
    0x0800af28   0x0800af28   0x00000068   Code   RO          568    i.MX_USART6_UART_Init  usart.o
    0x0800af90   0x0800af90   0x00000002   Code   RO          659    i.MemManage_Handler  stm32h7xx_it.o
    0x0800af92   0x0800af92   0x00000002   PAD
    0x0800af94   0x0800af94   0x00000074   Code   RO         1200    i.MotorCanOutput    motor.o
    0x0800b008   0x0800b008   0x0000006c   Code   RO         1201    i.MotorFillData     motor.o
    0x0800b074   0x0800b074   0x00000084   Code   RO         1202    i.MotorInit         motor.o
    0x0800b0f8   0x0800b0f8   0x00000170   Code   RO         1204    i.MotorRxCallback   motor.o
    0x0800b268   0x0800b268   0x0000015c   Code   RO         2041    i.Mpu6050_senceDebug  control_logic.o
    0x0800b3c4   0x0800b3c4   0x00000002   Code   RO          660    i.NMI_Handler       stm32h7xx_it.o
    0x0800b3c6   0x0800b3c6   0x00000002   PAD
    0x0800b3c8   0x0800b3c8   0x00000270   Code   RO         1282    i.PC_keybroad_filter  dr16.o
    0x0800b638   0x0800b638   0x00000002   Code   RO          661    i.PendSV_Handler    stm32h7xx_it.o
    0x0800b63a   0x0800b63a   0x00000002   PAD
    0x0800b63c   0x0800b63c   0x000001bc   Code   RO         2679    i.PrepareForIMU     mpu6050.o
    0x0800b7f8   0x0800b7f8   0x00000140   Code   RO         3690    i.RCCEx_PLL2_Config  stm32h7xx_hal_rcc_ex.o
    0x0800b938   0x0800b938   0x00000140   Code   RO         3691    i.RCCEx_PLL3_Config  stm32h7xx_hal_rcc_ex.o
    0x0800ba78   0x0800ba78   0x000000b0   Code   RO         1100    i.Referee_Data_Diapcak  referee.o
    0x0800bb28   0x0800bb28   0x0000000c   Code   RO         1101    i.Referee_callback  referee.o
    0x0800bb34   0x0800bb34   0x00000048   Code   RO         1664    i.RobotOnlineState  check.o
    0x0800bb7c   0x0800bb7c   0x00000014   Code   RO         5940    i.SPI_GetPacketSize  stm32h7xx_hal_spi.o
    0x0800bb90   0x0800bb90   0x00000002   Code   RO          662    i.SVC_Handler       stm32h7xx_it.o
    0x0800bb92   0x0800bb92   0x00000002   PAD
    0x0800bb94   0x0800bb94   0x00000050   Code   RO         2534    i.Sensors_I2C_ReadRegister  driver_iic_1.o
    0x0800bbe4   0x0800bbe4   0x00000050   Code   RO         2535    i.Sensors_I2C_ReadRegister2  driver_iic_1.o
    0x0800bc34   0x0800bc34   0x0000004c   Code   RO         2537    i.Sensors_I2C_WriteRegister2  driver_iic_1.o
    0x0800bc80   0x0800bc80   0x0000006c   Code   RO         1700    i.Shoot_Fire_Mode_Control  load.o
    0x0800bcec   0x0800bcec   0x00000024   Code   RO         1701    i.Steering_Engine_Control  load.o
    0x0800bd10   0x0800bd10   0x00000060   Code   RO         1347    i.SupercapControl   supercap.o
    0x0800bd70   0x0800bd70   0x0000004c   Code   RO         1348    i.Supercap_rxCallBack  supercap.o
    0x0800bdbc   0x0800bdbc   0x0000026c   Code   RO         1920    i.SwerveChassisGetRemoteData  swerve_chassis.o
    0x0800c028   0x0800c028   0x000001d0   Code   RO         1921    i.SwerveChassisInit  swerve_chassis.o
    0x0800c1f8   0x0800c1f8   0x000005ac   Code   RO         1922    i.SwerveChassisMotionControl  swerve_chassis.o
    0x0800c7a4   0x0800c7a4   0x00000016   Code   RO         1924    i.SwerveChassisSetFollowPID  swerve_chassis.o
    0x0800c7ba   0x0800c7ba   0x00000048   Code   RO         1925    i.SwervePowerConrolInit  swerve_chassis.o
    0x0800c802   0x0800c802   0x00000004   Code   RO          663    i.SysTick_Handler   stm32h7xx_it.o
    0x0800c806   0x0800c806   0x00000002   PAD
    0x0800c808   0x0800c808   0x000000a0   Code   RO           14    i.SystemClock_Config  main.o
    0x0800c8a8   0x0800c8a8   0x0000009c   Code   RO          872    i.SystemInit        system_stm32h7xx.o
    0x0800c944   0x0800c944   0x00000594   Code   RO         2042    i.TIM14_Task        control_logic.o
    0x0800ced8   0x0800ced8   0x0000000c   Code   RO          664    i.TIM8_TRG_COM_TIM14_IRQHandler  stm32h7xx_it.o
    0x0800cee4   0x0800cee4   0x000000c8   Code   RO         6322    i.TIM_Base_SetConfig  stm32h7xx_hal_tim.o
    0x0800cfac   0x0800cfac   0x0000001e   Code   RO         6323    i.TIM_CCxChannelCmd  stm32h7xx_hal_tim.o
    0x0800cfca   0x0800cfca   0x00000016   Code   RO         6333    i.TIM_ETR_SetConfig  stm32h7xx_hal_tim.o
    0x0800cfe0   0x0800cfe0   0x00000014   Code   RO         6334    i.TIM_ITRx_SetConfig  stm32h7xx_hal_tim.o
    0x0800cff4   0x0800cff4   0x000000a8   Code   RO         6335    i.TIM_OC1_SetConfig  stm32h7xx_hal_tim.o
    0x0800d09c   0x0800d09c   0x0000009c   Code   RO         6336    i.TIM_OC2_SetConfig  stm32h7xx_hal_tim.o
    0x0800d138   0x0800d138   0x0000009c   Code   RO         6337    i.TIM_OC3_SetConfig  stm32h7xx_hal_tim.o
    0x0800d1d4   0x0800d1d4   0x0000007e   Code   RO         6338    i.TIM_OC4_SetConfig  stm32h7xx_hal_tim.o
    0x0800d252   0x0800d252   0x00000078   Code   RO         6339    i.TIM_OC5_SetConfig  stm32h7xx_hal_tim.o
    0x0800d2ca   0x0800d2ca   0x0000007a   Code   RO         6340    i.TIM_OC6_SetConfig  stm32h7xx_hal_tim.o
    0x0800d344   0x0800d344   0x00000006   Code   RO         1055    i.TIM_Open          driver_timer.o
    0x0800d34a   0x0800d34a   0x00000026   Code   RO         6342    i.TIM_TI1_ConfigInputStage  stm32h7xx_hal_tim.o
    0x0800d370   0x0800d370   0x00000024   Code   RO         6344    i.TIM_TI2_ConfigInputStage  stm32h7xx_hal_tim.o
    0x0800d394   0x0800d394   0x00000018   Code   RO         1056    i.TIMx_Init         driver_timer.o
    0x0800d3ac   0x0800d3ac   0x0000000c   Code   RO          665    i.UART4_IRQHandler  stm32h7xx_it.o
    0x0800d3b8   0x0800d3b8   0x0000000c   Code   RO          666    i.UART5_IRQHandler  stm32h7xx_it.o
    0x0800d3c4   0x0800d3c4   0x0000005c   Code   RO         7683    i.UARTEx_SetNbDataToProcess  stm32h7xx_hal_uart_ex.o
    0x0800d420   0x0800d420   0x000000d8   Code   RO         7288    i.UART_AdvFeatureConfig  stm32h7xx_hal_uart.o
    0x0800d4f8   0x0800d4f8   0x00000068   Code   RO         7289    i.UART_CheckIdleState  stm32h7xx_hal_uart.o
    0x0800d560   0x0800d560   0x00000014   Code   RO         7290    i.UART_DMAAbortOnError  stm32h7xx_hal_uart.o
    0x0800d574   0x0800d574   0x00000054   Code   RO         7291    i.UART_DMAError     stm32h7xx_hal_uart.o
    0x0800d5c8   0x0800d5c8   0x00000082   Code   RO         7292    i.UART_DMAReceiveCplt  stm32h7xx_hal_uart.o
    0x0800d64a   0x0800d64a   0x0000001c   Code   RO         7294    i.UART_DMARxHalfCplt  stm32h7xx_hal_uart.o
    0x0800d666   0x0800d666   0x00000042   Code   RO         7296    i.UART_DMATransmitCplt  stm32h7xx_hal_uart.o
    0x0800d6a8   0x0800d6a8   0x0000000a   Code   RO         7298    i.UART_DMATxHalfCplt  stm32h7xx_hal_uart.o
    0x0800d6b2   0x0800d6b2   0x0000000e   Code   RO          956    i.UART_ENABLE_IT    driver_usart.o
    0x0800d6c0   0x0800d6c0   0x00000050   Code   RO         7300    i.UART_EndRxTransfer  stm32h7xx_hal_uart.o
    0x0800d710   0x0800d710   0x00000024   Code   RO         7301    i.UART_EndTransmit_IT  stm32h7xx_hal_uart.o
    0x0800d734   0x0800d734   0x0000002e   Code   RO         7302    i.UART_EndTxTransfer  stm32h7xx_hal_uart.o
    0x0800d762   0x0800d762   0x00000054   Code   RO          957    i.UART_Idle_Handler  driver_usart.o
    0x0800d7b6   0x0800d7b6   0x0000000a   Code   RO          958    i.UART_Receive_DMA  driver_usart.o
    0x0800d7c0   0x0800d7c0   0x000004c2   Code   RO         7307    i.UART_SetConfig    stm32h7xx_hal_uart.o
    0x0800dc82   0x0800dc82   0x00000002   PAD
    0x0800dc84   0x0800dc84   0x000000a8   Code   RO         7308    i.UART_Start_Receive_DMA  stm32h7xx_hal_uart.o
    0x0800dd2c   0x0800dd2c   0x000000e2   Code   RO         7314    i.UART_WaitOnFlagUntilTimeout  stm32h7xx_hal_uart.o
    0x0800de0e   0x0800de0e   0x00000002   PAD
    0x0800de10   0x0800de10   0x0000007c   Code   RO          960    i.UARTx_Init        driver_usart.o
    0x0800de8c   0x0800de8c   0x00000020   Code   RO          667    i.USART1_IRQHandler  stm32h7xx_it.o
    0x0800deac   0x0800deac   0x00000020   Code   RO          668    i.USART2_IRQHandler  stm32h7xx_it.o
    0x0800decc   0x0800decc   0x00000020   Code   RO          669    i.USART3_IRQHandler  stm32h7xx_it.o
    0x0800deec   0x0800deec   0x0000000c   Code   RO          670    i.USART6_IRQHandler  stm32h7xx_it.o
    0x0800def8   0x0800def8   0x00000002   Code   RO          671    i.UsageFault_Handler  stm32h7xx_it.o
    0x0800defa   0x0800defa   0x00000002   PAD
    0x0800defc   0x0800defc   0x000000c0   Code   RO         1926    i.VectorSolve       swerve_chassis.o
    0x0800dfbc   0x0800dfbc   0x0000003c   Code   RO         1102    i.Verify_CRC16_Check_Sum  referee.o
    0x0800dff8   0x0800dff8   0x00000026   Code   RO         1103    i.Verify_CRC8_Check_Sum  referee.o
    0x0800e01e   0x0800e01e   0x00000002   PAD
    0x0800e020   0x0800e020   0x00000298   Code   RO         1104    i._Data_Diapcak     referee.o
    0x0800e2b8   0x0800e2b8   0x00000020   Code   RO         8092    i.__0printf         mc_w.l(printfa.o)
    0x0800e2d8   0x0800e2d8   0x00000030   Code   RO         8143    i.__ARM_fpclassify  m_wv.l(fpclassify.o)
    0x0800e308   0x0800e308   0x00000200   Code   RO         7784    i.__hardfp_atan     m_wv.l(atan.o)
    0x0800e508   0x0800e508   0x000001c8   Code   RO         7798    i.__hardfp_atan2    m_wv.l(atan2.o)
    0x0800e6d0   0x0800e6d0   0x000000b0   Code   RO         7810    i.__hardfp_cos      m_wv.l(cos.o)
    0x0800e780   0x0800e780   0x000000b0   Code   RO         7822    i.__hardfp_sin      m_wv.l(sin.o)
    0x0800e830   0x0800e830   0x00000066   Code   RO         7834    i.__hardfp_sqrt     m_wv.l(sqrt.o)
    0x0800e896   0x0800e896   0x00000002   PAD
    0x0800e898   0x0800e898   0x00000310   Code   RO         8148    i.__ieee754_rem_pio2  m_wv.l(rred.o)
    0x0800eba8   0x0800eba8   0x000000e0   Code   RO         8120    i.__kernel_cos      m_wv.l(cos_i.o)
    0x0800ec88   0x0800ec88   0x00000070   Code   RO         8145    i.__kernel_poly     m_wv.l(poly.o)
    0x0800ecf8   0x0800ecf8   0x000000a8   Code   RO         8153    i.__kernel_sin      m_wv.l(sin_i.o)
    0x0800eda0   0x0800eda0   0x00000006   Code   RO         8124    i.__mathlib_dbl_infnan  m_wv.l(dunder.o)
    0x0800eda6   0x0800eda6   0x00000006   Code   RO         8125    i.__mathlib_dbl_infnan2  m_wv.l(dunder.o)
    0x0800edac   0x0800edac   0x00000004   PAD
    0x0800edb0   0x0800edb0   0x00000018   Code   RO         8126    i.__mathlib_dbl_invalid  m_wv.l(dunder.o)
    0x0800edc8   0x0800edc8   0x00000018   Code   RO         8129    i.__mathlib_dbl_underflow  m_wv.l(dunder.o)
    0x0800ede0   0x0800ede0   0x0000000e   Code   RO         8208    i.__scatterload_copy  mc_w.l(handlers.o)
    0x0800edee   0x0800edee   0x00000002   Code   RO         8209    i.__scatterload_null  mc_w.l(handlers.o)
    0x0800edf0   0x0800edf0   0x0000000e   Code   RO         8210    i.__scatterload_zeroinit  mc_w.l(handlers.o)
    0x0800edfe   0x0800edfe   0x00000002   PAD
    0x0800ee00   0x0800ee00   0x0000000c   Code   RO         8184    i.__set_errno       mc_w.l(errno.o)
    0x0800ee0c   0x0800ee0c   0x00000184   Code   RO         8099    i._fp_digits        mc_w.l(printfa.o)
    0x0800ef90   0x0800ef90   0x000006b4   Code   RO         8100    i._printf_core      mc_w.l(printfa.o)
    0x0800f644   0x0800f644   0x00000024   Code   RO         8101    i._printf_post_padding  mc_w.l(printfa.o)
    0x0800f668   0x0800f668   0x0000002e   Code   RO         8102    i._printf_pre_padding  mc_w.l(printfa.o)
    0x0800f696   0x0800f696   0x00000010   Code   RO         7786    i.atan              m_wv.l(atan.o)
    0x0800f6a6   0x0800f6a6   0x00000002   PAD
    0x0800f6a8   0x0800f6a8   0x00000068   Code   RO         1461    i.draw_client_map_information  interaction.o
    0x0800f710   0x0800f710   0x00000098   Code   RO         1462    i.draw_graph        interaction.o
    0x0800f7a8   0x0800f7a8   0x00000094   Code   RO         1463    i.draw_interaction  interaction.o
    0x0800f83c   0x0800f83c   0x0000008c   Code   RO         1464    i.draw_robotdata    interaction.o
    0x0800f8c8   0x0800f8c8   0x00000018   Code   RO         8139    i.fabs              m_wv.l(fabs.o)
    0x0800f8e0   0x0800f8e0   0x00000028   Code   RO          569    i.fputc             usart.o
    0x0800f908   0x0800f908   0x0000002c   Code   RO         2680    i.invSqrt           mpu6050.o
    0x0800f934   0x0800f934   0x00000054   Code   RO           15    i.main              main.o
    0x0800f988   0x0800f988   0x000003d0   Code   RO         1467    i.referee_draw_NUC_data  interaction.o
    0x0800fd58   0x0800fd58   0x000001b8   Code   RO         1469    i.referee_draw_cap  interaction.o
    0x0800ff10   0x0800ff10   0x000000f8   Code   RO         1470    i.referee_draw_chassis_data  interaction.o
    0x08010008   0x08010008   0x0000010c   Code   RO         1471    i.referee_draw_circle  interaction.o
    0x08010114   0x08010114   0x00000128   Code   RO         1474    i.referee_draw_float  interaction.o
    0x0801023c   0x0801023c   0x00000110   Code   RO         1475    i.referee_draw_int  interaction.o
    0x0801034c   0x0801034c   0x00000184   Code   RO         1477    i.referee_draw_nuc  interaction.o
    0x080104d0   0x080104d0   0x000001c4   Code   RO         1480    i.referee_draw_shoot  interaction.o
    0x08010694   0x08010694   0x00000016   Code   RO         1481    i.referee_draw_shoot_data  interaction.o
    0x080106aa   0x080106aa   0x00000002   PAD
    0x080106ac   0x080106ac   0x0000010c   Code   RO         1482    i.referee_draw_string  interaction.o
    0x080107b8   0x080107b8   0x000000a0   Code   RO         1483    i.referee_draw_supercap_data  interaction.o
    0x08010858   0x08010858   0x00000072   Code   RO         1484    i.referee_get_receiver_ID  interaction.o
    0x080108ca   0x080108ca   0x00000002   PAD
    0x080108cc   0x080108cc   0x0000006c   Code   RO         1485    i.referee_graphic_delete  interaction.o
    0x08010938   0x08010938   0x0000001e   Code   RO         1486    i.update            interaction.o
    0x08010956   0x08010956   0x00000010   Data   RO          873    .constdata          system_stm32h7xx.o
    0x08010966   0x08010966   0x00000300   Data   RO         1108    .constdata          referee.o
    0x08010c66   0x08010c66   0x00000300   Data   RO         1490    .constdata          interaction.o
    0x08010f66   0x08010f66   0x00000002   PAD
    0x08010f68   0x08010f68   0x0000005c   Data   RO         3044    .constdata          stm32h7xx_hal_fdcan.o
    0x08010fc4   0x08010fc4   0x00000008   Data   RO         4279    .constdata          stm32h7xx_hal_dma.o
    0x08010fcc   0x08010fcc   0x00000018   Data   RO         7315    .constdata          stm32h7xx_hal_uart.o
    0x08010fe4   0x08010fe4   0x00000010   Data   RO         7685    .constdata          stm32h7xx_hal_uart_ex.o
    0x08010ff4   0x08010ff4   0x00000004   PAD
    0x08010ff8   0x08010ff8   0x00000098   Data   RO         7787    .constdata          m_wv.l(atan.o)
    0x08011090   0x08011090   0x00000030   Data   RO         8121    .constdata          m_wv.l(cos_i.o)
    0x080110c0   0x080110c0   0x00000008   Data   RO         8147    .constdata          m_wv.l(qnan.o)
    0x080110c8   0x080110c8   0x000000c8   Data   RO         8150    .constdata          m_wv.l(rred.o)
    0x08011190   0x08011190   0x00000028   Data   RO         8154    .constdata          m_wv.l(sin_i.o)
    0x080111b8   0x080111b8   0x00000020   Data   RO         8206    Region$$Table       anon$$obj.o


    Execution Region RW_IRAM1 (Exec base: 0x20000000, Load base: 0x080111d8, Size: 0x00000000, Max: 0x00020000, ABSOLUTE)

    **** No section assigned to this execution region ****


    Execution Region RW_IRAM2 (Exec base: 0x24000000, Load base: 0x080111d8, Size: 0x00065080, Max: 0x00080000, ABSOLUTE, COMPRESSED[0x000000b8])

    Exec Addr    Load Addr    Size         Type   Attr      Idx    E Section Name        Object

    0x24000000   COMPRESSED   0x00000004   Data   RW          325    .data               fdcan.o
    0x24000004   COMPRESSED   0x00000008   Data   RW          874    .data               system_stm32h7xx.o
    0x2400000c   COMPRESSED   0x00000020   Data   RW          912    .data               driver_can.o
    0x2400002c   COMPRESSED   0x00000030   Data   RW          962    .data               driver_usart.o
    0x2400005c   COMPRESSED   0x00000008   Data   RW         1109    .data               referee.o
    0x24000064   COMPRESSED   0x00000002   Data   RW         1110    .data               referee.o
    0x24000066   COMPRESSED   0x00000002   PAD
    0x24000068   COMPRESSED   0x00000058   Data   RW         1205    .data               motor.o
    0x240000c0   COMPRESSED   0x00000008   Data   RW         1285    .data               dr16.o
    0x240000c8   COMPRESSED   0x00000024   Data   RW         1286    .data               dr16.o
    0x240000ec   COMPRESSED   0x0000000c   Data   RW         1349    .data               supercap.o
    0x240000f8   COMPRESSED   0x00000010   Data   RW         1420    .data               heat_control.o
    0x24000108   COMPRESSED   0x00000009   Data   RW         1491    .data               interaction.o
    0x24000111   COMPRESSED   0x00000003   PAD
    0x24000114   COMPRESSED   0x00000010   Data   RW         1492    .data               interaction.o
    0x24000124   COMPRESSED   0x0000002c   Data   RW         1704    .data               load.o
    0x24000150   COMPRESSED   0x0000000c   Data   RW         1806    .data               holder.o
    0x2400015c   COMPRESSED   0x0000001c   Data   RW         1928    .data               swerve_chassis.o
    0x24000178   COMPRESSED   0x00000010   Data   RW         2048    .data               control_logic.o
    0x24000188   COMPRESSED   0x00000078   Data   RW         2165    .data               kalman.o
    0x24000200   COMPRESSED   0x00000010   Data   RW         2349    .data               filter.o
    0x24000210   COMPRESSED   0x00000010   Data   RW         2350    .data               filter.o
    0x24000220   COMPRESSED   0x00000010   Data   RW         2351    .data               filter.o
    0x24000230   COMPRESSED   0x00000010   Data   RW         2352    .data               filter.o
    0x24000240   COMPRESSED   0x0000002c   Data   RW         2440    .data               brain.o
    0x2400026c   COMPRESSED   0x00000008   Data   RW         2441    .data               brain.o
    0x24000274   COMPRESSED   0x00000058   Data   RW         2595    .data               gyro.o
    0x240002cc   COMPRESSED   0x00000074   Data   RW         2686    .data               mpu6050.o
    0x24000340   COMPRESSED   0x0000000c   Data   RW         5017    .data               stm32h7xx_hal.o
    0x2400034c   COMPRESSED   0x00000004   Data   RW         8175    .data               mc_w.l(stdout.o)
    0x24000350   COMPRESSED   0x00000004   Data   RW         8185    .data               mc_w.l(errno.o)
    0x24000354        -       0x00000140   Zero   RW          324    .bss                fdcan.o
    0x24000494        -       0x00000098   Zero   RW          373    .bss                i2c.o
    0x2400052c        -       0x00000088   Zero   RW          450    .bss                spi.o
    0x240005b4        -       0x000000e4   Zero   RW          497    .bss                tim.o
    0x24000698        -       0x00000888   Zero   RW          570    .bss                usart.o
    0x24000f20        -       0x00000014   Zero   RW         1057    .bss                driver_timer.o
    0x24000f34        -       0x000002df   Zero   RW         1106    .bss                referee.o
    0x24001213   COMPRESSED   0x00000001   PAD
    0x24001214        -       0x000000a4   Zero   RW         1284    .bss                dr16.o
    0x240012b8        -       0x00000321   Zero   RW         1488    .bss                interaction.o
    0x240015d9   COMPRESSED   0x00000001   PAD
    0x240015da        -       0x0000002c   Zero   RW         1665    .bss                check.o
    0x24001606   COMPRESSED   0x00000002   PAD
    0x24001608        -       0x0000000c   Zero   RW         1703    .bss                load.o
    0x24001614        -       0x00000010   Zero   RW         1927    .bss                swerve_chassis.o
    0x24001624        -       0x0000006c   Zero   RW         2043    .bss                control_logic.o
    0x24001690        -       0x00000060   Zero   RW         2114    .bss                hardware_config.o
    0x240016f0        -       0x00000018   Zero   RW         2115    .bss                hardware_config.o
    0x24001708        -       0x00000030   Zero   RW         2116    .bss                hardware_config.o
    0x24001738        -       0x0000000c   Zero   RW         2119    .bss                hardware_config.o
    0x24001744        -       0x000000e8   Zero   RW         2439    .bss                brain.o
    0x2400182c   COMPRESSED   0x00000004   PAD
    0x24001830        -       0x00000120   Zero   RW         2682    .bss                mpu6050.o
    0x24001950        -       0x000005b0   Zero   RW         2683    .bss                mpu6050.o
    0x24001f00        -       0x00000020   Zero   RW         2685    .bss                mpu6050.o
    0x24001f20   COMPRESSED   0x00000100   PAD
    0x24002020        -       0x00000005   Zero   RW         2431    .ARM.__AT_0x24002020  brain.o
    0x24002025   COMPRESSED   0x0000001b   PAD
    0x24002040        -       0x00000003   Zero   RW         2432    .ARM.__AT_0x24002040  brain.o
    0x24002043   COMPRESSED   0x0000001d   PAD
    0x24002060        -       0x00000014   Zero   RW         2433    .ARM.__AT_0x24002060  brain.o
    0x24002074   COMPRESSED   0x000000ec   PAD
    0x24002160        -       0x00000015   Zero   RW         2434    .ARM.__AT_0x24002160  brain.o
    0x24002175   COMPRESSED   0x0000008b   PAD
    0x24002200        -       0x00000003   Zero   RW         2435    .ARM.__AT_0x24002200  brain.o
    0x24002203   COMPRESSED   0x0000000d   PAD
    0x24002210        -       0x00000005   Zero   RW         2436    .ARM.__AT_0x24002210  brain.o
    0x24002215   COMPRESSED   0x0000000b   PAD
    0x24002220        -       0x00000005   Zero   RW         2437    .ARM.__AT_0x24002220  brain.o
    0x24002225   COMPRESSED   0x00000003   PAD
    0x24002228        -       0x0000157c   Zero   RW         2113    .bss                hardware_config.o
    0x240037a4   COMPRESSED   0x00000004   PAD
    0x240037a8        -       0x00000800   Zero   RW            1    STACK               startup_stm32h750xx.o
    0x24003fa8   COMPRESSED   0x00002058   PAD
    0x24006000        -       0x00000012   Zero   RW         1283    .ARM.__AT_0x24006000  dr16.o
    0x24006012   COMPRESSED   0x00011fee   PAD
    0x24018000        -       0x0000000f   Zero   RW         2438    .ARM.__AT_0x24018000  brain.o
    0x2401800f   COMPRESSED   0x0000fff1   PAD
    0x24028000        -       0x00000100   Zero   RW         1105    .ARM.__AT_0x24028000  referee.o
    0x24028100   COMPRESSED   0x0003cf00   PAD
    0x24065000        -       0x00000080   Zero   RW         1487    .ARM.__AT_0x24065000  interaction.o


==============================================================================

Image component sizes


      Code (inc. data)   RO Data    RW Data    ZI Data      Debug   Object Name

      1468        122          0         52        309       9737   brain.o
        72          0          0          0         44       2443   check.o
      1872        176          0         16        108       6056   control_logic.o
       220          4          0          0          0       1018   dma.o
      2716         98          0         44        182      11470   dr16.o
       240         26          0         32          0       4186   driver_can.o
       284         24          0          0          0       4200   driver_iic_1.o
        54         18          0          0         20       2907   driver_timer.o
       232         28          0         48          0       4309   driver_usart.o
       496         42          0          4        320       2812   fdcan.o
        38          0          0         64          0       1998   filter.o
       304         26          0          0          0       1195   gpio.o
       572         48          0         88          0      40359   gyro.o
       892        160          0          0       5680       4117   hardware_config.o
        76         14          0         16          0       1300   heat_control.o
      1092         54          0         12          0       5079   holder.o
       412         52          0          0        152       2671   i2c.o
      4658        400        768         25        929      26369   interaction.o
       180         12          0        120          0       3863   kalman.o
      2272        216          0         44         12      14695   load.o
       246         10          0          0          0    1374723   main.o
      1040         86          0         88          0      12250   motor.o
      2278         88          0        116       1776      23523   mpu6050.o
      1324        148          0          0          0       7872   pid.o
      1022         34        768         10        991      11681   referee.o
       220         22          0          0        136       1913   spi.o
        36          8        664          0       2048        848   startup_stm32h750xx.o
       248         48          0         12          0      23588   stm32h7xx_hal.o
       368         38          0          0          0      41689   stm32h7xx_hal_cortex.o
      6514        834          8          0          0      15249   stm32h7xx_hal_dma.o
      3096         36         92          0          0      23605   stm32h7xx_hal_fdcan.o
       898         12          0          0          0       3558   stm32h7xx_hal_gpio.o
      2414         34          0          0          0      16598   stm32h7xx_hal_i2c.o
       176          0          0          0          0       2159   stm32h7xx_hal_i2c_ex.o
        32          4          0          0          0        946   stm32h7xx_hal_msp.o
        96         10          0          0          0        849   stm32h7xx_hal_pwr_ex.o
      3116        170          0          0          0       8628   stm32h7xx_hal_rcc.o
      4084        194          0          0          0       8241   stm32h7xx_hal_rcc_ex.o
       364         14          0          0          0       2227   stm32h7xx_hal_spi.o
      2968        108          0          0          0      19219   stm32h7xx_hal_tim.o
       174         10          0          0          0       3388   stm32h7xx_hal_tim_ex.o
      4288        174         24          0          0      43142   stm32h7xx_hal_uart.o
       312          6         16          0          0       5734   stm32h7xx_hal_uart_ex.o
       320        138          0          0          0      14014   stm32h7xx_it.o
       172         20          0         12          0       4944   supercap.o
      3954        126          0         28         16      12185   swerve_chassis.o
       156         22         16          8          0       1546   system_stm32h7xx.o
       476         60          0          0        228       4354   tim.o
      1988        148          0          0       2184       8836   usart.o

    ----------------------------------------------------------------------
     60590       4122       2394        844     412972    1848293   Object Totals
         0          0         32          0          0          0   (incl. Generated)
        60          0          6          5     397837          0   (incl. Padding)

    ----------------------------------------------------------------------

      Code (inc. data)   RO Data    RW Data    ZI Data      Debug   Library Member Name

       528        110        152          0          0        348   atan.o
       456         64          0          0          0        188   atan2.o
       176         18          0          0          0        156   cos.o
       224         42         48          0          0        184   cos_i.o
        60         28          0          0          0        464   dunder.o
        24          0          0          0          0        124   fabs.o
        48          0          0          0          0        124   fpclassify.o
       112          0          0          0          0        116   poly.o
         0          0          8          0          0          0   qnan.o
       784        138        200          0          0        172   rred.o
       176         18          0          0          0        160   sin.o
       168         24         40          0          0        196   sin_i.o
       102          0          0          0          0        140   sqrt.o
        86          0          0          0          0          0   __dczerorl2.o
         0          0          0          0          0          0   entry.o
         0          0          0          0          0          0   entry10a.o
         0          0          0          0          0          0   entry11a.o
         4          0          0          0          0          0   entry12b.o
         8          4          0          0          0          0   entry2.o
         4          0          0          0          0          0   entry5.o
         0          0          0          0          0          0   entry7b.o
         0          0          0          0          0          0   entry8b.o
         8          4          0          0          0          0   entry9a.o
        12          6          0          4          0         68   errno.o
        30          0          0          0          0          0   handlers.o
        36          8          0          0          0         68   init.o
         0          0          0          0          0          0   iusefp.o
        30          0          0          0          0         68   llshl.o
        36          0          0          0          0         68   llsshr.o
        32          0          0          0          0         68   llushr.o
        36          0          0          0          0         68   memcpya.o
        36          0          0          0          0        108   memseta.o
      2218         90          0          0          0        464   printfa.o
         0          0          0          4          0          0   stdout.o
        18          0          0          0          0         68   strcpy.o
        44          0          0          0          0         80   uidiv.o
        98          0          0          0          0         92   uldiv.o
        48          0          0          0          0         68   cdrcmple.o
       334          0          0          0          0        148   dadd.o
       222          0          0          0          0        100   ddiv.o
       186          0          0          0          0        176   depilogue.o
        48          0          0          0          0         68   dfixul.o
       228          0          0          0          0         96   dmul.o

    ----------------------------------------------------------------------
      6672        554        448          8          0       4248   Library Totals
        12          0          0          0          0          0   (incl. Padding)

    ----------------------------------------------------------------------

      Code (inc. data)   RO Data    RW Data    ZI Data      Debug   Library Name

      2858        442        448          0          0       2372   m_wv.l
      2736        112          0          8          0       1220   mc_w.l
      1066          0          0          0          0        656   mf_w.l

    ----------------------------------------------------------------------
      6672        554        448          8          0       4248   Library Totals

    ----------------------------------------------------------------------

==============================================================================


      Code (inc. data)   RO Data    RW Data    ZI Data      Debug   

     67262       4676       2842        852     412972    1820289   Grand Totals
     67262       4676       2842        184     412972    1820289   ELF Image Totals (compressed)
     67262       4676       2842        184          0          0   ROM Totals

==============================================================================

    Total RO  Size (Code + RO Data)                70104 (  68.46kB)
    Total RW  Size (RW Data + ZI Data)            413824 ( 404.13kB)
    Total ROM Size (Code + RO Data + RW Data)      70288 (  68.64kB)

==============================================================================

