<html>
<body>
<pre>
<h1>礦ision Build Log</h1>
<h2>Tool Versions:</h2>
IDE-Version: μVision V5.35.0.0
Copyright (C) 2021 ARM Ltd and ARM Germany GmbH. All rights reserved.
License Information: DELL,  , LIC=65ISZ-JIE6I-307NC-7K26F-4EUBT-IHH3L
 
Tool Versions:
Toolchain:       MDK-ARM Plus  Version: 5.35.0.2
Toolchain Path:  D:\Learning software\Keil5\ARM\ARMCC\Bin
C Compiler:      Armcc.exe V5.06 update 7 (build 960)
Assembler:       Armasm.exe V5.06 update 7 (build 960)
Linker/Locator:  ArmLink.exe V5.06 update 7 (build 960)
Library Manager: ArmAr.exe V5.06 update 7 (build 960)
Hex Converter:   FromElf.exe V5.06 update 7 (build 960)
CPU DLL:         SARMCM3.DLL V5.35.0.2
Dialog DLL:      DCM.DLL V1.17.3.0
Target DLL:      CMSIS_AGDI.dll V1.33.0.0
Dialog DLL:      TCM.DLL V1.53.0.0
 
<h2>Project:</h2>
C:\Users\DELL\Desktop\RM\软件组\Swever_Infantry2\MDK-ARM\H7_Base.uvprojx
Project File Date:  10/06/2022

<h2>Output:</h2>
*** Using Compiler 'V5.06 update 7 (build 960)', folder: 'D:\Learning software\Keil5\ARM\ARMCC\Bin'
Build target 'H7_Base'
Note: source file '..\CubotMiddleware\Devices\MPU6050\driver_iic.c' - object file renamed from 'H7_Base\driver_iic.o' to 'H7_Base\driver_iic_1.o'.
assembling startup_stm32h750xx.s...
compiling gpio.c...
compiling dma.c...
compiling system_stm32h7xx.c...
compiling fdcan.c...
compiling iwdg.c...
compiling stm32h7xx_it.c...
../new/load.h(111): warning:  #1295-D: Deprecated declaration Shoot_Fire_Mode_Control - give arg types
  void Shoot_Fire_Mode_Control();
../new/load.h(114): warning:  #1-D: last line of file ends without a newline
  #endif
../CubotMiddleware/Modules/mecanum_chassis.h(80): warning:  #1295-D: Deprecated declaration MecanumChassisGetRefereeData - give arg types
  void MecanumChassisGetRefereeData();
../CubotMiddleware/Devices/Supercap.h(24): warning:  #1-D: last line of file ends without a newline
  #endif
../Src/stm32h7xx_it.c: 4 warnings, 0 errors
compiling spi.c...
compiling tim.c...
compiling i2c.c...
compiling driver_can.c...
compiling stm32h7xx_hal_msp.c...
compiling main.c...
../new/load.h(111): warning:  #1295-D: Deprecated declaration Shoot_Fire_Mode_Control - give arg types
  void Shoot_Fire_Mode_Control();
../new/load.h(114): warning:  #1-D: last line of file ends without a newline
  #endif
../CubotMiddleware/Modules/mecanum_chassis.h(80): warning:  #1295-D: Deprecated declaration MecanumChassisGetRefereeData - give arg types
  void MecanumChassisGetRefereeData();
../CubotMiddleware/Devices/Supercap.h(24): warning:  #1-D: last line of file ends without a newline
  #endif
./H7_Base/referee.h(265): warning:  #1-D: last line of file ends without a newline
  #endif
../Src/main.c: 5 warnings, 0 errors
compiling usart.c...
compiling check.c...
./H7_Base/referee.h(265): warning:  #1-D: last line of file ends without a newline
  #endif
..\CubotMiddleware\Devices\check.h(59): warning:  #1-D: last line of file ends without a newline
  #endif  
..\CubotMiddleware\Devices\check.c(40): warning:  #1-D: last line of file ends without a newline
  }
..\CubotMiddleware\Devices\check.c: 3 warnings, 0 errors
compiling motor.c...
..\CubotMiddleware\Devices\motor.c(221): warning:  #177-D: function "CAN_DeleteMotor"  was declared but never referenced
  static void CAN_DeleteMotor(Motor* motor)
..\CubotMiddleware\Devices\motor.c: 1 warning, 0 errors
compiling driver_timer.c...
compiling driver_usart.c...
./H7_Base/referee.h(265): warning:  #1-D: last line of file ends without a newline
  #endif
../new/load.h(111): warning:  #1295-D: Deprecated declaration Shoot_Fire_Mode_Control - give arg types
  void Shoot_Fire_Mode_Control();
../new/load.h(114): warning:  #1-D: last line of file ends without a newline
  #endif
../CubotMiddleware/Modules/mecanum_chassis.h(80): warning:  #1295-D: Deprecated declaration MecanumChassisGetRefereeData - give arg types
  void MecanumChassisGetRefereeData();
../CubotMiddleware/Devices/Supercap.h(24): warning:  #1-D: last line of file ends without a newline
  #endif
..\CubotMiddleware\Drivers\driver_usart.c: 5 warnings, 0 errors
compiling holder.c...
../new/load.h(111): warning:  #1295-D: Deprecated declaration Shoot_Fire_Mode_Control - give arg types
  void Shoot_Fire_Mode_Control();
../new/load.h(114): warning:  #1-D: last line of file ends without a newline
  #endif
../CubotMiddleware/Modules/mecanum_chassis.h(80): warning:  #1295-D: Deprecated declaration MecanumChassisGetRefereeData - give arg types
  void MecanumChassisGetRefereeData();
../CubotMiddleware/Devices/Supercap.h(24): warning:  #1-D: last line of file ends without a newline
  #endif
./H7_Base/referee.h(265): warning:  #1-D: last line of file ends without a newline
  #endif
../CubotMiddleware/Devices/check.h(59): warning:  #1-D: last line of file ends without a newline
  #endif  
..\new\holder.c(208): warning:  #1-D: last line of file ends without a newline
   }
..\new\holder.c: 7 warnings, 0 errors
compiling Supercap.c...
..\CubotMiddleware\Devices\Supercap.h(24): warning:  #1-D: last line of file ends without a newline
  #endif
./H7_Base/referee.h(265): warning:  #1-D: last line of file ends without a newline
  #endif
../new/load.h(111): warning:  #1295-D: Deprecated declaration Shoot_Fire_Mode_Control - give arg types
  void Shoot_Fire_Mode_Control();
../new/load.h(114): warning:  #1-D: last line of file ends without a newline
  #endif
../CubotMiddleware/Modules/mecanum_chassis.h(80): warning:  #1295-D: Deprecated declaration MecanumChassisGetRefereeData - give arg types
  void MecanumChassisGetRefereeData();
..\CubotMiddleware\Devices\Supercap.c(20): warning:  #940-D: missing return statement at end of non-void function "Supercap_rxCallBack" 
  }
..\CubotMiddleware\Devices\Supercap.c(24): warning:  #1035-D: single-precision operand implicitly converted to double-precision
  	if(Cap->cap_state.Supercap_Mode == 1 && Cap->cap_state.Voltage > 16.2)
..\CubotMiddleware\Devices\Supercap.c(220): warning:  #1-D: last line of file ends without a newline
  //}
..\CubotMiddleware\Devices\Supercap.c: 8 warnings, 0 errors
compiling driver_iic.c...
compiling dr16.c...
./H7_Base/referee.h(265): warning:  #1-D: last line of file ends without a newline
  #endif
../new/load.h(111): warning:  #1295-D: Deprecated declaration Shoot_Fire_Mode_Control - give arg types
  void Shoot_Fire_Mode_Control();
../new/load.h(114): warning:  #1-D: last line of file ends without a newline
  #endif
../CubotMiddleware/Modules/mecanum_chassis.h(80): warning:  #1295-D: Deprecated declaration MecanumChassisGetRefereeData - give arg types
  void MecanumChassisGetRefereeData();
../CubotMiddleware/Devices/Supercap.h(24): warning:  #1-D: last line of file ends without a newline
  #endif
..\CubotMiddleware\Devices\check.h(59): warning:  #1-D: last line of file ends without a newline
  #endif  
..\CubotMiddleware\Devices\dr16.c: 6 warnings, 0 errors
compiling load.c...
..\new\load.h(111): warning:  #1295-D: Deprecated declaration Shoot_Fire_Mode_Control - give arg types
  void Shoot_Fire_Mode_Control();
..\new\load.h(114): warning:  #1-D: last line of file ends without a newline
  #endif
..\new\init.h(13): warning:  #1295-D: Deprecated declaration System_Init - give arg types
  void System_Init();
..\new\init.h(35): warning:  #1-D: last line of file ends without a newline
  #endif
./H7_Base/referee.h(265): warning:  #1-D: last line of file ends without a newline
  #endif
../CubotMiddleware/Modules/mecanum_chassis.h(80): warning:  #1295-D: Deprecated declaration MecanumChassisGetRefereeData - give arg types
  void MecanumChassisGetRefereeData();
../CubotMiddleware/Devices/Supercap.h(24): warning:  #1-D: last line of file ends without a newline
  #endif
..\new\load.c: 7 warnings, 0 errors
compiling bmi08a.c...
compiling bmi08g.c...
compiling bmi088.c...
compiling imu.c...
compiling init_bmi088.c...
compiling Prepare_data.c...
..\CubotMiddleware\Devices\BMI088\Prepare_data.c(108): warning:  #1-D: last line of file ends without a newline
  // 
..\CubotMiddleware\Devices\BMI088\Prepare_data.c: 1 warning, 0 errors
compiling spi_bmi088.c...
compiling referee.c...
H7_Base\referee.h(265): warning:  #1-D: last line of file ends without a newline
  #endif
../CubotMiddleware/Modules/mecanum_chassis.h(80): warning:  #1295-D: Deprecated declaration MecanumChassisGetRefereeData - give arg types
  void MecanumChassisGetRefereeData();
../new/load.h(111): warning:  #1295-D: Deprecated declaration Shoot_Fire_Mode_Control - give arg types
  void Shoot_Fire_Mode_Control();
../new/load.h(114): warning:  #1-D: last line of file ends without a newline
  #endif
../CubotMiddleware/Devices/check.h(59): warning:  #1-D: last line of file ends without a newline
  #endif  
H7_Base\referee.c: 5 warnings, 0 errors
compiling heat_control.c...
./H7_Base/referee.h(265): warning:  #1-D: last line of file ends without a newline
  #endif
..\new\heat_control.c(57): warning:  #1-D: last line of file ends without a newline
  }
..\new\heat_control.c: 2 warnings, 0 errors
compiling interaction.c...
..\CubotMiddleware\Devices\interaction.c(582): warning:  #1035-D: single-precision operand implicitly converted to double-precision
  		draw_graph(&UI.ext_client_custom_graphic_patterning_second.grapic_data_struct[3],89,control_cap_lenghth,LINE,2,color_test.cap_rectangle_color,0,0,30,200,875,0,(200+(VOLT-LowVolt)*200.0/(HighVolt-LowVolt)),875);     //电容百分比
..\CubotMiddleware\Devices\interaction.c(665): warning:  #177-D: variable "fight"  was declared but never referenced
  	char *fight="Fingting";
..\CubotMiddleware\Devices\interaction.c: 2 warnings, 0 errors
compiling mecanum_chassis.c...
..\CubotMiddleware\Modules\mecanum_chassis.h(80): warning:  #1295-D: Deprecated declaration MecanumChassisGetRefereeData - give arg types
  void MecanumChassisGetRefereeData();
..\CubotMiddleware\Modules\mecanum_chassis.c: 1 warning, 0 errors
compiling filter.c...
compiling all_chassis.c...
../CubotMiddleware/Modules/mecanum_chassis.h(80): warning:  #1295-D: Deprecated declaration MecanumChassisGetRefereeData - give arg types
  void MecanumChassisGetRefereeData();
H7_Base\all_chassis.h(9): warning:  #1-D: last line of file ends without a newline
  # endif
H7_Base\all_chassis.c(58): warning:  #1-D: last line of file ends without a newline
  }
H7_Base\all_chassis.c: 3 warnings, 0 errors
compiling driver_iic.c...
..\CubotMiddleware\Devices\MPU6050\driver_iic.c(73): warning:  #940-D: missing return statement at end of non-void function "Sensors_I2C_WriteRegister" 
  }
..\CubotMiddleware\Devices\MPU6050\driver_iic.c(107): warning:  #940-D: missing return statement at end of non-void function "Sensors_I2C_WriteRegister2" 
  }
..\CubotMiddleware\Devices\MPU6050\driver_iic.c: 2 warnings, 0 errors
compiling kalman.c...
compiling Gyro.c...
../CubotMiddleware/Algorithms/kalman.h(8): warning:  #47-D: incompatible redefinition of macro "GYRO_FILTER_NUM"  (declared at line 386 of "..\CubotMiddleware\Devices\MPU6050\mpu6050.h")
  #define GYRO_FILTER_NUM 120
../new/load.h(111): warning:  #1295-D: Deprecated declaration Shoot_Fire_Mode_Control - give arg types
  void Shoot_Fire_Mode_Control();
../new/load.h(114): warning:  #1-D: last line of file ends without a newline
  #endif
../CubotMiddleware/Modules/mecanum_chassis.h(80): warning:  #1295-D: Deprecated declaration MecanumChassisGetRefereeData - give arg types
  void MecanumChassisGetRefereeData();
../CubotMiddleware/Devices/Supercap.h(24): warning:  #1-D: last line of file ends without a newline
  #endif
..\CubotMiddleware\Devices\MPU6050\Gyro.c: 5 warnings, 0 errors
compiling stm32h7xx_hal_cortex.c...
compiling mpu6050.c...
../CubotMiddleware/Algorithms/kalman.h(8): warning:  #47-D: incompatible redefinition of macro "GYRO_FILTER_NUM"  (declared at line 386 of "..\CubotMiddleware\Devices\MPU6050\mpu6050.h")
  #define GYRO_FILTER_NUM 120
..\CubotMiddleware\Devices\MPU6050\mpu6050.c(38): warning:  #177-D: variable "gyro_orientation"  was declared but never referenced
  static signed char gyro_orientation[9] = { -1, 0, 0,
..\CubotMiddleware\Devices\MPU6050\mpu6050.c: 2 warnings, 0 errors
compiling hardware_config.c...
../new/load.h(111): warning:  #1295-D: Deprecated declaration Shoot_Fire_Mode_Control - give arg types
  void Shoot_Fire_Mode_Control();
../new/load.h(114): warning:  #1-D: last line of file ends without a newline
  #endif
../CubotMiddleware/Modules/mecanum_chassis.h(80): warning:  #1295-D: Deprecated declaration MecanumChassisGetRefereeData - give arg types
  void MecanumChassisGetRefereeData();
../CubotMiddleware/Devices/Supercap.h(24): warning:  #1-D: last line of file ends without a newline
  #endif
./H7_Base/referee.h(265): warning:  #1-D: last line of file ends without a newline
  #endif
..\User\hardware_config.c: 5 warnings, 0 errors
compiling swerve_chassis.c...
../new/load.h(111): warning:  #1295-D: Deprecated declaration Shoot_Fire_Mode_Control - give arg types
  void Shoot_Fire_Mode_Control();
../new/load.h(114): warning:  #1-D: last line of file ends without a newline
  #endif
../CubotMiddleware/Modules/mecanum_chassis.h(80): warning:  #1295-D: Deprecated declaration MecanumChassisGetRefereeData - give arg types
  void MecanumChassisGetRefereeData();
../CubotMiddleware/Devices/Supercap.h(24): warning:  #1-D: last line of file ends without a newline
  #endif
./H7_Base/referee.h(265): warning:  #1-D: last line of file ends without a newline
  #endif
..\CubotMiddleware\Modules\swerve_chassis.c: 5 warnings, 0 errors
compiling brain.c...
../new/load.h(111): warning:  #1295-D: Deprecated declaration Shoot_Fire_Mode_Control - give arg types
  void Shoot_Fire_Mode_Control();
../new/load.h(114): warning:  #1-D: last line of file ends without a newline
  #endif
../CubotMiddleware/Modules/mecanum_chassis.h(80): warning:  #1295-D: Deprecated declaration MecanumChassisGetRefereeData - give arg types
  void MecanumChassisGetRefereeData();
../CubotMiddleware/Devices/Supercap.h(24): warning:  #1-D: last line of file ends without a newline
  #endif
./H7_Base/referee.h(265): warning:  #1-D: last line of file ends without a newline
  #endif
../CubotMiddleware/Devices/check.h(59): warning:  #1-D: last line of file ends without a newline
  #endif  
..\new\brain.c(136): warning:  #1035-D: single-precision operand implicitly converted to double-precision
  		 if((abs(forecast.yaw_error)>0.01)&&(abs(forecast.yaw_error)<0.15))
..\new\brain.c(136): warning:  #1035-D: single-precision operand implicitly converted to double-precision
  		 if((abs(forecast.yaw_error)>0.01)&&(abs(forecast.yaw_error)<0.15))
..\new\brain.c(203): warning:  #1035-D: single-precision operand implicitly converted to double-precision
  				forecast.yaw_average=forecast.yaw_sum*0.1;
..\new\brain.c(204): warning:  #1035-D: single-precision operand implicitly converted to double-precision
  				forecast.pitch_average=forecast.pitch_sum*0.1;
..\new\brain.c(385): warning:  #223-D: function "strcpy" declared implicitly
  	strcpy((char* )(RobotToBrainLogBuffer+3), log_string);
..\new\brain.c(422): warning:  #1035-D: single-precision operand implicitly converted to double-precision
  	yawyaw = yaw * 3.1701;
..\new\brain.c(460): warning:  #1-D: last line of file ends without a newline
  }
..\new\brain.c: 13 warnings, 0 errors
compiling pid.c...
../new/init.h(13): warning:  #1295-D: Deprecated declaration System_Init - give arg types
  void System_Init();
../new/init.h(35): warning:  #1-D: last line of file ends without a newline
  #endif
../new/load.h(111): warning:  #1295-D: Deprecated declaration Shoot_Fire_Mode_Control - give arg types
  void Shoot_Fire_Mode_Control();
../new/load.h(114): warning:  #1-D: last line of file ends without a newline
  #endif
../CubotMiddleware/Modules/mecanum_chassis.h(80): warning:  #1295-D: Deprecated declaration MecanumChassisGetRefereeData - give arg types
  void MecanumChassisGetRefereeData();
../CubotMiddleware/Devices/Supercap.h(24): warning:  #1-D: last line of file ends without a newline
  #endif
..\CubotMiddleware\Algorithms\pid.c(96): warning:  #1035-D: single-precision operand implicitly converted to double-precision
  	if(tim14.ErrorTime == 20000&&base_pid->Error>3.5){
..\CubotMiddleware\Algorithms\pid.c: 7 warnings, 0 errors
compiling control_logic.c...
../new/load.h(111): warning:  #1295-D: Deprecated declaration Shoot_Fire_Mode_Control - give arg types
  void Shoot_Fire_Mode_Control();
../new/load.h(114): warning:  #1-D: last line of file ends without a newline
  #endif
../CubotMiddleware/Modules/mecanum_chassis.h(80): warning:  #1295-D: Deprecated declaration MecanumChassisGetRefereeData - give arg types
  void MecanumChassisGetRefereeData();
../CubotMiddleware/Devices/Supercap.h(24): warning:  #1-D: last line of file ends without a newline
  #endif
./H7_Base/referee.h(265): warning:  #1-D: last line of file ends without a newline
  #endif
../CubotMiddleware/Devices/check.h(59): warning:  #1-D: last line of file ends without a newline
  #endif  
..\User\control_logic.c(112): warning:  #2532-D: support for trigraphs is disabled
    update(tim14.UI_Time, referee2022.game_robot_status.robot_id, each_state.update);                                                      //??3?±èèü????UIé??-μ?í???￡¨?1??ê?1yê?·??éó?￡
..\User\control_logic.c(117): warning:  #1035-D: single-precision operand implicitly converted to double-precision
  	referee_draw_shoot_data(tim14.UI_Time , referee2022.game_robot_status.robot_id, each_state.mode, Brain.BrainCore[Brain.FrameCoreID].CoreInstruction.YawDeflectionAngle*955/63.99+955,Brain.BrainCore[Brain.FrameCoreID].CoreInstruction.PitchDeflectionAngle*400/63.99+400);
..\User\control_logic.c(117): warning:  #1035-D: single-precision operand implicitly converted to double-precision
  	referee_draw_shoot_data(tim14.UI_Time , referee2022.game_robot_status.robot_id, each_state.mode, Brain.BrainCore[Brain.FrameCoreID].CoreInstruction.YawDeflectionAngle*955/63.99+955,Brain.BrainCore[Brain.FrameCoreID].CoreInstruction.PitchDeflectionAngle*400/63.99+400);
..\User\control_logic.c(283): warning:  #1035-D: single-precision operand implicitly converted to double-precision
  		mpuDebug->Yaw.MpuAngleChange=((mpuDebug->Yaw.MpuAngle3-mpuDebug->Yaw.MpuAngle2)+(mpuDebug->Yaw.MpuAngle2-mpuDebug->Yaw.MpuAngle1))*0.5;
..\User\control_logic.c(284): warning:  #1035-D: single-precision operand implicitly converted to double-precision
  		mpuDebug->Yaw.CanAngleChange=((mpuDebug->Yaw.CanAngle3-mpuDebug->Yaw.CanAngle2)+(mpuDebug->Yaw.CanAngle2-mpuDebug->Yaw.CanAngle1))*0.5;
..\User\control_logic.c(285): warning:  #1035-D: single-precision operand implicitly converted to double-precision
  		mpuDebug->Pitch.MpuAngleChange=((mpuDebug->Pitch.MpuAngle3-mpuDebug->Pitch.MpuAngle2)+(mpuDebug->Pitch.MpuAngle2-mpuDebug->Pitch.MpuAngle1))*0.5;
..\User\control_logic.c(286): warning:  #1035-D: single-precision operand implicitly converted to double-precision
  		mpuDebug->Pitch.CanAngleChange=((mpuDebug->Pitch.CanAngle3-mpuDebug->Pitch.CanAngle2)+(mpuDebug->Pitch.CanAngle2-mpuDebug->Pitch.CanAngle1))*0.5;
..\User\control_logic.c(301): warning:  #940-D: missing return statement at end of non-void function "Mpu6050_senceDebug" 
  }
..\User\control_logic.c: 14 warnings, 0 errors
compiling stm32h7xx_hal_fdcan.c...
compiling stm32h7xx_hal_pwr.c...
compiling stm32h7xx_hal_mdma.c...
compiling stm32h7xx_hal_flash.c...
compiling stm32h7xx_hal_gpio.c...
compiling stm32h7xx_hal.c...
compiling stm32h7xx_hal_hsem.c...
compiling stm32h7xx_hal_flash_ex.c...
compiling stm32h7xx_hal_pwr_ex.c...
compiling stm32h7xx_hal_dma_ex.c...
compiling stm32h7xx_hal_i2c.c...
compiling stm32h7xx_hal_rcc.c...
compiling stm32h7xx_hal_rcc_ex.c...
compiling stm32h7xx_hal_dma.c...
compiling stm32h7xx_hal_iwdg.c...
compiling stm32h7xx_hal_spi.c...
compiling stm32h7xx_hal_exti.c...
compiling stm32h7xx_hal_tim_ex.c...
compiling stm32h7xx_hal_spi_ex.c...
compiling stm32h7xx_hal_i2c_ex.c...
compiling stm32h7xx_hal_uart_ex.c...
compiling stm32h7xx_hal_tim.c...
compiling stm32h7xx_hal_uart.c...
linking...
Program Size: Code=67262 RO-data=2842 RW-data=852 ZI-data=412972  
FromELF: creating hex file...
"H7_Base\H7_Base.axf" - 0 Error(s), 113 Warning(s).

<h2>Software Packages used:</h2>

Package Vendor: ARM
                http://www.keil.com/pack/ARM.CMSIS.5.8.0.pack
                ARM.CMSIS.5.8.0
                CMSIS (Common Microcontroller Software Interface Standard)
   * Component: CORE Version: 5.5.0

Package Vendor: Keil
                https://www.keil.com/pack/Keil.STM32H7xx_DFP.2.3.1.pack
                Keil.STM32H7xx_DFP.2.3.1
                STMicroelectronics STM32H7 Series Device Support and Examples

<h2>Collection of Component include folders:</h2>
  .\RTE\_H7_Base
  D:\Learning software\Keil5\pack\ARM\CMSIS\5.8.0\CMSIS\Core\Include
  D:\Learning software\Keil5\pack\Keil\STM32H7xx_DFP\2.3.1\Drivers\CMSIS\Device\ST\STM32H7xx\Include

<h2>Collection of Component Files used:</h2>

   * Component: ARM::CMSIS:CORE:5.5.0
Build Time Elapsed:  00:01:14
</pre>
</body>
</html>
